[    0.000000] Linux version 4.15.0-rc8+ (diptarshi@diptarshi-VirtualBox) (gcc version 5.4.0 20160609 (Ubuntu 5.4.0-6ubuntu1~16.04.5)) #15 SMP Wed Jan 31 00:36:00 MST 2018
[    0.000000] x86/fpu: x87 FPU will use FXSAVE
[    0.000000] e820: BIOS-provided physical RAM map:
[    0.000000] BIOS-e820: [mem 0x0000000000000000-0x000000000009fbff] usable
[    0.000000] BIOS-e820: [mem 0x000000000009fc00-0x000000000009ffff] reserved
[    0.000000] BIOS-e820: [mem 0x00000000000f0000-0x00000000000fffff] reserved
[    0.000000] BIOS-e820: [mem 0x0000000000100000-0x000000003ffeffff] usable
[    0.000000] BIOS-e820: [mem 0x000000003fff0000-0x000000003fffffff] ACPI data
[    0.000000] BIOS-e820: [mem 0x00000000fec00000-0x00000000fec00fff] reserved
[    0.000000] BIOS-e820: [mem 0x00000000fee00000-0x00000000fee00fff] reserved
[    0.000000] BIOS-e820: [mem 0x00000000fffc0000-0x00000000ffffffff] reserved
[    0.000000] Notice: NX (Execute Disable) protection cannot be enabled: non-PAE kernel!
[    0.000000] random: fast init done
[    0.000000] SMBIOS 2.5 present.
[    0.000000] DMI: innotek GmbH VirtualBox/VirtualBox, BIOS VirtualBox 12/01/2006
[    0.000000] e820: update [mem 0x00000000-0x00000fff] usable ==> reserved
[    0.000000] e820: remove [mem 0x000a0000-0x000fffff] usable
[    0.000000] e820: last_pfn = 0x3fff0 max_arch_pfn = 0x100000
[    0.000000] MTRR default type: uncachable
[    0.000000] MTRR variable ranges disabled:
[    0.000000] MTRR: Disabled
[    0.000000] x86/PAT: MTRRs disabled, skipping PAT initialization too.
[    0.000000] CPU MTRRs all blank - virtualized system.
[    0.000000] x86/PAT: Configuration [0-7]: WB  WT  UC- UC  WB  WT  UC- UC  
[    0.000000] Scanning 1 areas for low memory corruption
[    0.000000] initial memory mapped: [mem 0x00000000-0x107fffff]
[    0.000000] Base memory trampoline at [(ptrval)] 9b000 size 16384
[    0.000000] BRK [0x103b0000, 0x103b0fff] PGTABLE
[    0.000000] RAMDISK: [mem 0x3767e000-0x37feffff]
[    0.000000] Allocated new RAMDISK: [mem 0x36d0c000-0x3767db5f]
[    0.000000] Move RAMDISK from [mem 0x3767e000-0x37fefb5f] to [mem 0x36d0c000-0x3767db5f]
[    0.000000] ACPI: Early table checksum verification disabled
[    0.000000] ACPI: RSDP 0x00000000000E0000 000024 (v02 VBOX  )
[    0.000000] ACPI: XSDT 0x000000003FFF0030 000034 (v01 VBOX   VBOXXSDT 00000001 ASL  00000061)
[    0.000000] ACPI: FACP 0x000000003FFF00F0 0000F4 (v04 VBOX   VBOXFACP 00000001 ASL  00000061)
[    0.000000] ACPI: DSDT 0x000000003FFF0410 0021FF (v02 VBOX   VBOXBIOS 00000002 INTL 20100528)
[    0.000000] ACPI: FACS 0x000000003FFF0200 000040
[    0.000000] ACPI: FACS 0x000000003FFF0200 000040
[    0.000000] ACPI: SSDT 0x000000003FFF0240 0001CC (v01 VBOX   VBOXCPUT 00000002 INTL 20100528)
[    0.000000] 135MB HIGHMEM available.
[    0.000000] 887MB LOWMEM available.
[    0.000000]   mapped low ram: 0 - 377fe000
[    0.000000]   low ram: 0 - 377fe000
[    0.000000] tsc: Unable to calibrate against PIT
[    0.000000] tsc: No reference (HPET/PMTIMER) available
[    0.000000] BRK [0x103b1000, 0x103b1fff] PGTABLE
[    0.000000] Zone ranges:
[    0.000000]   DMA      [mem 0x0000000000001000-0x0000000000ffffff]
[    0.000000]   Normal   [mem 0x0000000001000000-0x00000000377fdfff]
[    0.000000]   HighMem  [mem 0x00000000377fe000-0x000000003ffeffff]
[    0.000000] Movable zone start for each node
[    0.000000] Early memory node ranges
[    0.000000]   node   0: [mem 0x0000000000001000-0x000000000009efff]
[    0.000000]   node   0: [mem 0x0000000000100000-0x000000003ffeffff]
[    0.000000] Initmem setup node 0 [mem 0x0000000000001000-0x000000003ffeffff]
[    0.000000] On node 0 totalpages: 262030
[    0.000000]   DMA zone: 32 pages used for memmap
[    0.000000]   DMA zone: 0 pages reserved
[    0.000000]   DMA zone: 3998 pages, LIFO batch:0
[    0.000000]   Normal zone: 1744 pages used for memmap
[    0.000000]   Normal zone: 223230 pages, LIFO batch:31
[    0.000000]   HighMem zone: 34802 pages, LIFO batch:7
[    0.000000] Reserved but unavailable: 98 pages
[    0.000000] Using APIC driver default
[    0.000000] ACPI: PM-Timer IO Port: 0x4008
[    0.000000] Found and enabled local APIC!
[    0.000000] smpboot: Boot CPU (id 0) not listed by BIOS
[    0.000000] smpboot: Allowing 1 CPUs, 0 hotplug CPUs
[    0.000000] PM: Registered nosave memory: [mem 0x00000000-0x00000fff]
[    0.000000] PM: Registered nosave memory: [mem 0x0009f000-0x0009ffff]
[    0.000000] PM: Registered nosave memory: [mem 0x000a0000-0x000effff]
[    0.000000] PM: Registered nosave memory: [mem 0x000f0000-0x000fffff]
[    0.000000] e820: [mem 0x40000000-0xfebfffff] available for PCI devices
[    0.000000] clocksource: refined-jiffies: mask: 0xffffffff max_cycles: 0xffffffff, max_idle_ns: 1910969940391419 ns
[    0.000000] setup_percpu: NR_CPUS:8 nr_cpumask_bits:8 nr_cpu_ids:1 nr_node_ids:1
[    0.000000] percpu: Embedded 29 pages/cpu @(ptrval) s87756 r0 d31028 u118784
[    0.000000] pcpu-alloc: s87756 r0 d31028 u118784 alloc=29*4096
[    0.000000] pcpu-alloc: [0] 0 
[    0.000000] Built 1 zonelists, mobility grouping on.  Total pages: 260254
[    0.000000] Kernel command line: root=UUID=20530149-54c8-4937-ae85-1fef93bcc2db ro quiet splash 
[    0.000000] Dentry cache hash table entries: 131072 (order: 7, 524288 bytes)
[    0.000000] Inode-cache hash table entries: 65536 (order: 6, 262144 bytes)
[    0.000000] Initializing CPU#0
[    0.000000] Initializing HighMem for node 0 (000377fe:0003fff0)
[    0.000000] Initializing Movable for node 0 (00000000:00000000)
[    0.000000] Memory: 1015248K/1048120K available (9007K kernel code, 796K rwdata, 2532K rodata, 708K init, 548K bss, 32872K reserved, 0K cma-reserved, 139208K highmem)
[    0.000000] virtual kernel memory layout:
                   fixmap  : 0xfff17000 - 0xfffff000   ( 928 kB)
                 cpu_entry : 0xffc00000 - 0xffd39000   (1252 kB)
                   pkmap   : 0xff800000 - 0xffc00000   (4096 kB)
                   vmalloc : 0xf7ffe000 - 0xff7fe000   ( 120 MB)
                   lowmem  : 0xc0000000 - 0xf77fe000   ( 887 MB)
                     .init : 0xd022a000 - 0xd02db000   ( 708 kB)
                     .data : 0xcfecbed5 - 0xd0213380   (3357 kB)
                     .text : 0xcf600000 - 0xcfecbed5   (9007 kB)
[    0.000000] Checking if this processor honours the WP bit even in supervisor mode...Ok.
[    0.000000] SLUB: HWalign=64, Order=0-3, MinObjects=0, CPUs=1, Nodes=1
[    0.000000] Hierarchical RCU implementation.
[    0.000000] 	RCU event tracing is enabled.
[    0.000000] 	RCU restricting CPUs from NR_CPUS=8 to nr_cpu_ids=1.
[    0.000000] RCU: Adjusting geometry for rcu_fanout_leaf=16, nr_cpu_ids=1
[    0.000000] NR_IRQS: 2304, nr_irqs: 32, preallocated irqs: 16
[    0.000000] CPU 0 irqstacks, hard=(ptrval) soft=(ptrval)
[    0.000000] Console: colour VGA+ 80x25
[    0.000000] console [tty0] enabled
[    0.000000] ACPI: Core revision 20170831
[    0.000000] ACPI: 2 ACPI AML tables successfully acquired and loaded
[    0.000000] ACPI: setting ELCR to 0200 (from 0e00)
[    0.000000] APIC: ACPI MADT or MP tables are not detected
[    0.000000] APIC: Switch to virtual wire mode setup with no configuration
[    0.000000] Enabling APIC mode:  Flat.  Using 0 I/O APICs
[    0.003000] tsc: Unable to calibrate against PIT
[    0.003000] tsc: using PMTIMER reference calibration
[    0.003000] tsc: Detected 2395.008 MHz processor
[    0.003000] Calibrating delay loop (skipped), value calculated using timer frequency.. 4790.01 BogoMIPS (lpj=2395008)
[    0.003000] pid_max: default: 32768 minimum: 301
[    0.003000] Security Framework initialized
[    0.003000] SELinux:  Initializing.
[    0.003000] SELinux:  Starting in permissive mode
[    0.003000] Mount-cache hash table entries: 2048 (order: 1, 8192 bytes)
[    0.003000] Mountpoint-cache hash table entries: 2048 (order: 1, 8192 bytes)
[    0.003000] CPU: Physical Processor ID: 0
[    0.004009] mce: CPU supports 0 MCE banks
[    0.004045] process: using mwait in idle threads
[    0.004054] Last level iTLB entries: 4KB 512, 2MB 7, 4MB 7
[    0.004055] Last level dTLB entries: 4KB 512, 2MB 32, 4MB 32, 1GB 0
[    0.004057] Spectre V2 mitigation: Vulnerable: Minimal generic ASM retpoline
[    0.004058] Spectre V2 mitigation: Filling RSB on context switch
[    0.019937] Freeing SMP alternatives memory: 36K
[    0.020922] smpboot: SMP disabled
[    0.021220] Performance Events: unsupported p6 CPU model 37 no PMU driver, software events only.
[    0.021269] Hierarchical SRCU implementation.
[    0.021566] smp: Bringing up secondary CPUs ...
[    0.021568] smp: Brought up 1 node, 1 CPU
[    0.021569] smpboot: Max logical packages: 1
[    0.021570] smpboot: Total of 1 processors activated (4790.01 BogoMIPS)
[    0.021753] devtmpfs: initialized
[    0.022101] clocksource: jiffies: mask: 0xffffffff max_cycles: 0xffffffff, max_idle_ns: 1911260446275000 ns
[    0.022105] futex hash table entries: 256 (order: 2, 16384 bytes)
[    0.022166] RTC time: 21:34:18, date: 01/31/18
[    0.022459] NET: Registered protocol family 16
[    0.022618] audit: initializing netlink subsys (disabled)
[    0.022619] cpuidle: using governor menu
[    0.022619] clocksource: pit: mask: 0xffffffff max_cycles: 0xffffffff, max_idle_ns: 1601818034827 ns
[    0.022619] ACPI: bus type PCI registered
[    0.022619] PCI: PCI BIOS revision 2.10 entry at 0xfda26, last bus=0
[    0.022619] PCI: Using configuration type 1 for base access
[    0.030390] audit: type=2000 audit(1517434458.022:1): state=initialized audit_enabled=0 res=1
[    0.030435] kworker/u2:1 (130) used greatest stack depth: 7384 bytes left
[    0.030535] kworker/u2:1 (117) used greatest stack depth: 7156 bytes left
[    0.030878] kworker/u2:1 (95) used greatest stack depth: 6876 bytes left
[    0.043000] HugeTLB registered 4.00 MiB page size, pre-allocated 0 pages
[    0.043000] ACPI: Added _OSI(Module Device)
[    0.043000] ACPI: Added _OSI(Processor Device)
[    0.043000] ACPI: Added _OSI(3.0 _SCP Extensions)
[    0.043000] ACPI: Added _OSI(Processor Aggregator Device)
[    0.043000] ACPI: Executed 1 blocks of module-level executable AML code
[    0.046185] ACPI: Interpreter enabled
[    0.046204] ACPI: (supports S0 S5)
[    0.046206] ACPI: Using PIC for interrupt routing
[    0.046659] PCI: Ignoring host bridge windows from ACPI; if necessary, use "pci=use_crs" and report a bug
[    0.047000] ACPI: Enabled 2 GPEs in block 00 to 07
[    0.056129] ACPI: PCI Root Bridge [PCI0] (domain 0000 [bus 00-ff])
[    0.056135] acpi PNP0A03:00: _OSC: OS supports [ASPM ClockPM Segments MSI]
[    0.056154] acpi PNP0A03:00: _OSC: not requesting OS control; OS requires [ExtendedConfig ASPM ClockPM MSI]
[    0.056158] acpi PNP0A03:00: fail to add MMCONFIG information, can't access extended PCI configuration space under this bridge.
[    0.056315] acpi PNP0A03:00: host bridge window [io  0x0cf8-0x0cff] (ignored)
[    0.056316] acpi PNP0A03:00: host bridge window [io  0x0000-0x0cf7 window] (ignored)
[    0.056318] acpi PNP0A03:00: host bridge window [io  0x0d00-0xffff window] (ignored)
[    0.056319] acpi PNP0A03:00: host bridge window [mem 0x000a0000-0x000bffff window] (ignored)
[    0.056320] acpi PNP0A03:00: host bridge window [mem 0x40000000-0xffdfffff window] (ignored)
[    0.056322] PCI: root bus 00: using default resources
[    0.056382] PCI host bridge to bus 0000:00
[    0.056385] pci_bus 0000:00: root bus resource [io  0x0000-0xffff]
[    0.056386] pci_bus 0000:00: root bus resource [mem 0x00000000-0xffffffff]
[    0.056388] pci_bus 0000:00: root bus resource [bus 00-ff]
[    0.056530] pci 0000:00:00.0: [8086:1237] type 00 class 0x060000
[    0.058009] pci 0000:00:01.0: [8086:7000] type 00 class 0x060100
[    0.059734] pci 0000:00:01.1: [8086:7111] type 00 class 0x01018a
[    0.060604] pci 0000:00:01.1: reg 0x20: [io  0xd000-0xd00f]
[    0.060952] pci 0000:00:01.1: legacy IDE quirk: reg 0x10: [io  0x01f0-0x01f7]
[    0.060954] pci 0000:00:01.1: legacy IDE quirk: reg 0x14: [io  0x03f6]
[    0.060955] pci 0000:00:01.1: legacy IDE quirk: reg 0x18: [io  0x0170-0x0177]
[    0.060956] pci 0000:00:01.1: legacy IDE quirk: reg 0x1c: [io  0x0376]
[    0.061487] pci 0000:00:02.0: [80ee:beef] type 00 class 0x030000
[    0.062143] pci 0000:00:02.0: reg 0x10: [mem 0xe0000000-0xe0ffffff pref]
[    0.076108] pci 0000:00:03.0: [8086:100e] type 00 class 0x020000
[    0.079312] pci 0000:00:03.0: reg 0x10: [mem 0xf0000000-0xf001ffff]
[    0.081000] pci 0000:00:03.0: reg 0x18: [io  0xd010-0xd017]
[    0.090721] pci 0000:00:04.0: [80ee:cafe] type 00 class 0x088000
[    0.090790] pci 0000:00:04.0: reg 0x10: [io  0xd020-0xd03f]
[    0.091439] pci 0000:00:04.0: reg 0x14: [mem 0xf0400000-0xf07fffff]
[    0.094057] pci 0000:00:04.0: reg 0x18: [mem 0xf0800000-0xf0803fff pref]
[    0.099626] pci 0000:00:05.0: [8086:2415] type 00 class 0x040100
[    0.099626] pci 0000:00:05.0: reg 0x10: [io  0xd100-0xd1ff]
[    0.099626] pci 0000:00:05.0: reg 0x14: [io  0xd200-0xd23f]
[    0.100590] pci 0000:00:06.0: [106b:003f] type 00 class 0x0c0310
[    0.103252] pci 0000:00:06.0: reg 0x10: [mem 0xf0804000-0xf0804fff]
[    0.112450] pci 0000:00:07.0: [8086:7113] type 00 class 0x068000
[    0.113594] pci 0000:00:07.0: quirk: [io  0x4000-0x403f] claimed by PIIX4 ACPI
[    0.113619] pci 0000:00:07.0: quirk: [io  0x4100-0x410f] claimed by PIIX4 SMB
[    0.114345] pci 0000:00:0b.0: [8086:265c] type 00 class 0x0c0320
[    0.116707] pci 0000:00:0b.0: reg 0x10: [mem 0xf0805000-0xf0805fff]
[    0.124818] pci 0000:00:0d.0: [8086:2829] type 00 class 0x010601
[    0.128063] pci 0000:00:0d.0: reg 0x10: [io  0xd240-0xd247]
[    0.129000] pci 0000:00:0d.0: reg 0x18: [io  0xd250-0xd257]
[    0.131730] pci 0000:00:0d.0: reg 0x20: [io  0xd260-0xd26f]
[    0.133354] pci 0000:00:0d.0: reg 0x24: [mem 0xf0806000-0xf0807fff]
[    0.137648] pci_bus 0000:00: on NUMA node 0
[    0.138647] ACPI: PCI Interrupt Link [LNKA] (IRQs 5 9 10 *11)
[    0.138647] ACPI: PCI Interrupt Link [LNKB] (IRQs 5 9 10 *11)
[    0.138647] ACPI: PCI Interrupt Link [LNKC] (IRQs 5 9 *10 11)
[    0.138647] ACPI: PCI Interrupt Link [LNKD] (IRQs 5 *9 10 11)
[    0.138648] pci 0000:00:02.0: vgaarb: setting as boot VGA device
[    0.138648] pci 0000:00:02.0: vgaarb: VGA device added: decodes=io+mem,owns=io+mem,locks=none
[    0.138648] pci 0000:00:02.0: vgaarb: bridge control possible
[    0.138648] vgaarb: loaded
[    0.138719] SCSI subsystem initialized
[    0.138905] libata version 3.00 loaded.
[    0.138993] ACPI: bus type USB registered
[    0.139000] usbcore: registered new interface driver usbfs
[    0.139000] usbcore: registered new interface driver hub
[    0.139000] usbcore: registered new device driver usb
[    0.139000] pps_core: LinuxPPS API ver. 1 registered
[    0.139000] pps_core: Software ver. 5.3.6 - Copyright 2005-2007 Rodolfo Giometti <giometti@linux.it>
[    0.139000] PTP clock support registered
[    0.139000] EDAC MC: Ver: 3.0.0
[    0.140557] Advanced Linux Sound Architecture Driver Initialized.
[    0.140593] PCI: Using ACPI for IRQ routing
[    0.140600] PCI: pci_cache_line_size set to 64 bytes
[    0.141224] e820: reserve RAM buffer [mem 0x0009fc00-0x0009ffff]
[    0.141232] e820: reserve RAM buffer [mem 0x3fff0000-0x3fffffff]
[    0.141425] NetLabel: Initializing
[    0.141427] NetLabel:  domain hash size = 128
[    0.141427] NetLabel:  protocols = UNLABELED CIPSOv4 CALIPSO
[    0.141443] NetLabel:  unlabeled traffic allowed by default
[    0.141921] clocksource: Switched to clocksource pit
[    0.157043] VFS: Disk quotas dquot_6.6.0
[    0.157043] VFS: Dquot-cache hash table entries: 1024 (order 0, 4096 bytes)
[    0.157043] pnp: PnP ACPI init
[    0.157044] pnp 00:00: Plug and Play ACPI device, IDs PNP0303 (active)
[    0.157044] pnp 00:01: Plug and Play ACPI device, IDs PNP0f03 (active)
[    0.157044] pnp: PnP ACPI: found 2 devices
[    0.205370] clocksource: acpi_pm: mask: 0xffffff max_cycles: 0xffffff, max_idle_ns: 2085701024 ns
[    0.208103] clocksource: Switched to clocksource acpi_pm
[    0.208115] pci_bus 0000:00: resource 4 [io  0x0000-0xffff]
[    0.208115] pci_bus 0000:00: resource 5 [mem 0x00000000-0xffffffff]
[    0.208115] NET: Registered protocol family 2
[    0.208456] TCP established hash table entries: 8192 (order: 3, 32768 bytes)
[    0.208469] TCP bind hash table entries: 8192 (order: 4, 65536 bytes)
[    0.208490] TCP: Hash tables configured (established 8192 bind 8192)
[    0.208520] UDP hash table entries: 512 (order: 2, 16384 bytes)
[    0.208524] UDP-Lite hash table entries: 512 (order: 2, 16384 bytes)
[    0.208560] NET: Registered protocol family 1
[    0.208671] RPC: Registered named UNIX socket transport module.
[    0.208672] RPC: Registered udp transport module.
[    0.208672] RPC: Registered tcp transport module.
[    0.208673] RPC: Registered tcp NFSv4.1 backchannel transport module.
[    0.209228] pci 0000:00:00.0: Limiting direct PCI/PCI transfers
[    0.209322] pci 0000:00:01.0: Activating ISA DMA hang workarounds
[    0.209426] pci 0000:00:02.0: Video device with shadowed ROM at [mem 0x000c0000-0x000dffff]
[    0.211991] ACPI: PCI Interrupt Link [LNKB] enabled at IRQ 11
[    0.211993] PCI: setting IRQ 11 as level-triggered
[    0.216919] ACPI: PCI Interrupt Link [LNKC] enabled at IRQ 10
[    0.216939] PCI: setting IRQ 10 as level-triggered
[    0.217068] PCI: CLS 0 bytes, default 64
[    0.217068] Unpacking initramfs...
[    0.563031] Freeing initrd memory: 9672K
[    0.565492] platform rtc_cmos: registered platform RTC device (no PNP device found)
[    0.565711] Scanning for low memory corruption every 60 seconds
[    0.567121] Initialise system trusted keyrings
[    0.567122] workingset: timestamp_bits=30 max_order=18 bucket_order=0
[    0.575993] NFS: Registering the id_resolver key type
[    0.576001] Key type id_resolver registered
[    0.576001] Key type id_legacy registered
[    0.576991] SELinux:  Registering netfilter hooks
[    0.578182] Key type asymmetric registered
[    0.578184] Asymmetric key parser 'x509' registered
[    0.578194] bounce: pool size: 64 pages
[    0.578209] Block layer SCSI generic (bsg) driver version 0.4 loaded (major 250)
[    0.578211] io scheduler noop registered
[    0.578212] io scheduler deadline registered
[    0.578237] io scheduler cfq registered (default)
[    0.578238] io scheduler mq-deadline registered
[    0.578239] io scheduler kyber registered
[    0.578709] ACPI: AC Adapter [AC] (on-line)
[    0.578762] input: Power Button as /devices/LNXSYSTM:00/LNXPWRBN:00/input/input0
[    0.579187] ACPI: Power Button [PWRF]
[    0.579359] input: Sleep Button as /devices/LNXSYSTM:00/LNXSLPBN:00/input/input1
[    0.579371] ACPI: Sleep Button [SLPF]
[    0.579510] ACPI: Video Device [GFX0] (multi-head: yes  rom: no  post: no)
[    0.579571] input: Video Bus as /devices/LNXSYSTM:00/LNXSYBUS:00/PNP0A03:00/LNXVIDEO:00/input/input2
[    0.581334] Serial: 8250/16550 driver, 4 ports, IRQ sharing enabled
[    0.583657] Non-volatile memory driver v1.3
[    0.583709] Linux agpgart interface v0.103
[    0.586910] ACPI: Battery Slot [BAT0] (battery present)
[    0.588006] loop: module loaded
[    0.588305] ahci 0000:00:0d.0: version 3.0
[    0.595808] ACPI: PCI Interrupt Link [LNKA] enabled at IRQ 11
[    0.596032] ahci 0000:00:0d.0: SSS flag set, parallel bus scan disabled
[    0.596386] ahci 0000:00:0d.0: AHCI 0001.0100 32 slots 1 ports 3 Gbps 0x1 impl SATA mode
[    0.596389] ahci 0000:00:0d.0: flags: 64bit ncq stag only ccc 
[    0.596685] scsi host0: ahci
[    0.596685] ata1: SATA max UDMA/133 abar m8192@0xf0806000 port 0xf0806100 irq 11
[    0.596686] ata_piix 0000:00:01.1: version 2.13
[    0.596753] scsi host1: ata_piix
[    0.596902] scsi host2: ata_piix
[    0.596933] ata2: PATA max UDMA/33 cmd 0x1f0 ctl 0x3f6 bmdma 0xd000 irq 14
[    0.596934] ata3: PATA max UDMA/33 cmd 0x170 ctl 0x376 bmdma 0xd008 irq 15
[    0.597031] e100: Intel(R) PRO/100 Network Driver, 3.5.24-k2-NAPI
[    0.597032] e100: Copyright(c) 1999-2006 Intel Corporation
[    0.597042] e1000: Intel(R) PRO/1000 Network Driver - version 7.3.21-k8-NAPI
[    0.597042] e1000: Copyright (c) 1999-2006 Intel Corporation.
[    0.760750] ata3.00: ATAPI: VBOX CD-ROM, 1.0, max UDMA/133
[    0.762312] ata3.00: configured for UDMA/33
[    0.926031] ata1: SATA link up 3.0 Gbps (SStatus 123 SControl 300)
[    0.926628] ata1.00: ATA-6: VBOX HARDDISK, 1.0, max UDMA/133
[    0.926630] ata1.00: 125829120 sectors, multi 128: LBA48 NCQ (depth 31/32)
[    0.935884] ata1.00: configured for UDMA/133
[    0.936191] scsi 0:0:0:0: Direct-Access     ATA      VBOX HARDDISK    1.0  PQ: 0 ANSI: 5
[    0.936626] sd 0:0:0:0: [sda] 125829120 512-byte logical blocks: (64.4 GB/60.0 GiB)
[    0.936626] sd 0:0:0:0: [sda] Write Protect is off
[    0.936626] sd 0:0:0:0: [sda] Mode Sense: 00 3a 00 00
[    0.936627] sd 0:0:0:0: [sda] Write cache: enabled, read cache: enabled, doesn't support DPO or FUA
[    0.936628] sd 0:0:0:0: Attached scsi generic sg0 type 0
[    0.945850] scsi 2:0:0:0: CD-ROM            VBOX     CD-ROM           1.0  PQ: 0 ANSI: 5
[    0.975235] sr 2:0:0:0: [sr0] scsi3-mmc drive: 32x/32x xa/form2 tray
[    0.975239] cdrom: Uniform CD-ROM driver Revision: 3.20
[    0.975566] sr 2:0:0:0: Attached scsi CD-ROM sr0
[    0.975983] sr 2:0:0:0: Attached scsi generic sg1 type 5
[    0.986810]  sda: sda1 sda2 < sda5 >
[    0.986953] sd 0:0:0:0: [sda] Attached SCSI disk
[    1.408403] e1000 0000:00:03.0 eth0: (PCI:33MHz:32-bit) 08:00:27:1b:57:d8
[    1.408410] e1000 0000:00:03.0 eth0: Intel(R) PRO/1000 Network Connection
[    1.408469] e1000e: Intel(R) PRO/1000 Network Driver - 3.2.6-k
[    1.408470] e1000e: Copyright(c) 1999 - 2015 Intel Corporation.
[    1.408506] sky2: driver version 1.30
[    1.409741] ehci_hcd: USB 2.0 'Enhanced' Host Controller (EHCI) Driver
[    1.409770] ehci-pci: EHCI PCI platform driver
[    1.410827] ehci-pci 0000:00:0b.0: EHCI Host Controller
[    1.410985] ehci-pci 0000:00:0b.0: new USB bus registered, assigned bus number 1
[    1.412032] ehci-pci 0000:00:0b.0: irq 10, io mem 0xf0805000
[    1.419226] ehci-pci 0000:00:0b.0: USB 2.0 started, EHCI 1.00
[    1.419270] usb usb1: New USB device found, idVendor=1d6b, idProduct=0002
[    1.419272] usb usb1: New USB device strings: Mfr=3, Product=2, SerialNumber=1
[    1.419273] usb usb1: Product: EHCI Host Controller
[    1.419275] usb usb1: Manufacturer: Linux 4.15.0-rc8+ ehci_hcd
[    1.419276] usb usb1: SerialNumber: 0000:00:0b.0
[    1.419422] hub 1-0:1.0: USB hub found
[    1.419430] hub 1-0:1.0: 12 ports detected
[    1.419777] ohci_hcd: USB 1.1 'Open' Host Controller (OHCI) Driver
[    1.420159] ohci-pci: OHCI PCI platform driver
[    1.422378] ohci-pci 0000:00:06.0: OHCI PCI host controller
[    1.422550] ohci-pci 0000:00:06.0: new USB bus registered, assigned bus number 2
[    1.422594] ohci-pci 0000:00:06.0: irq 11, io mem 0xf0804000
[    1.475095] usb usb2: New USB device found, idVendor=1d6b, idProduct=0001
[    1.475095] usb usb2: New USB device strings: Mfr=3, Product=2, SerialNumber=1
[    1.475095] usb usb2: Product: OHCI PCI host controller
[    1.475095] usb usb2: Manufacturer: Linux 4.15.0-rc8+ ohci_hcd
[    1.475095] usb usb2: SerialNumber: 0000:00:06.0
[    1.475095] hub 2-0:1.0: USB hub found
[    1.475095] hub 2-0:1.0: 12 ports detected
[    1.475095] uhci_hcd: USB Universal Host Controller Interface driver
[    1.475095] usbcore: registered new interface driver usblp
[    1.475095] usbcore: registered new interface driver usb-storage
[    1.475095] i8042: PNP: PS/2 Controller [PNP0303:PS2K,PNP0f03:PS2M] at 0x60,0x64 irq 1,12
[    1.488674] serio: i8042 KBD port at 0x60,0x64 irq 1
[    1.488679] serio: i8042 AUX port at 0x60,0x64 irq 12
[    1.490002] input: AT Translated Set 2 keyboard as /devices/platform/i8042/serio0/input/input3
[    1.494808] rtc_cmos rtc_cmos: rtc core: registered rtc_cmos as rtc0
[    1.494844] rtc_cmos rtc_cmos: alarms up to one day, 114 bytes nvram
[    1.496032] device-mapper: ioctl: 4.37.0-ioctl (2017-09-20) initialised: dm-devel@redhat.com
[    1.496032] hidraw: raw HID events driver (C) Jiri Kosina
[    1.496032] usbcore: registered new interface driver usbhid
[    1.496227] usbhid: USB HID core driver
[    1.496662] Netfilter messages via NETLINK v0.30.
[    1.496662] nf_conntrack version 0.5.0 (16384 buckets, 65536 max)
[    1.496662] ctnetlink v0.93: registering with nfnetlink.
[    1.496662] ip_tables: (C) 2000-2006 Netfilter Core Team
[    1.496662] Initializing XFRM netlink socket
[    1.496663] NET: Registered protocol family 10
[    1.501427] Segment Routing with IPv6
[    1.501453] ip6_tables: (C) 2000-2006 Netfilter Core Team
[    1.501495] sit: IPv6, IPv4 and MPLS over IPv4 tunneling driver
[    1.501692] NET: Registered protocol family 17
[    1.501978] Key type dns_resolver registered
[    1.502519] Using IPI No-Shortcut mode
[    1.502525] sched_clock: Marking stable (1502032179, 0)->(1503436713, -1404534)
[    1.502745] registered taskstats version 1
[    1.502746] Loading compiled-in X.509 certificates
[    1.504446]   Magic number: 2:557:602
[    1.504510] console [netcon0] enabled
[    1.504510] netconsole: network logging started
[    1.504832] cfg80211: Loading compiled-in X.509 certificates for regulatory database
[    1.509079] cfg80211: Loaded X.509 cert 'sforshee: 00b28ddf47aef9cea7'
[    1.509147] platform regulatory.0: Direct firmware load for regulatory.db failed with error -2
[    1.509264] cfg80211: failed to load regulatory.db
[    1.509304] ALSA device list:
[    1.509305]   No soundcards found.
[    1.509487] Freeing unused kernel memory: 708K
[    1.509631] Write protecting the kernel text: 9008k
[    1.509666] Write protecting the kernel read-only data: 2560k
[    1.568135] tsc: Refined TSC clocksource calibration: 2393.992 MHz
[    1.568142] clocksource: tsc: mask: 0xffffffffffffffff max_cycles: 0x22820c02993, max_idle_ns: 440795265795 ns
[    1.707936] input: ImExPS/2 Generic Explorer Mouse as /devices/platform/i8042/serio1/input/input5
[    1.830907] udevadm (1020) used greatest stack depth: 6616 bytes left
[    1.888091] e1000 0000:00:03.0 enp0s3: renamed from eth0
[    1.888765] usb 2-1: new full-speed USB device number 2 using ohci-pci
[    1.986385] ata_id (1043) used greatest stack depth: 6532 bytes left
[    2.148895] usb 2-1: New USB device found, idVendor=80ee, idProduct=0021
[    2.148960] usb 2-1: New USB device strings: Mfr=1, Product=3, SerialNumber=0
[    2.149017] usb 2-1: Product: USB Tablet
[    2.149068] usb 2-1: Manufacturer: VirtualBox
[    2.165683] input: VirtualBox USB Tablet as /devices/pci0000:00/0000:00:06.0/usb2/2-1/2-1:1.0/0003:80EE:0021.0001/input/input6
[    2.166274] hid-generic 0003:80EE:0021.0001: input,hidraw0: USB HID v1.10 Mouse [VirtualBox USB Tablet] on usb-0000:00:06.0-1/input0
[    2.576194] clocksource: Switched to clocksource tsc
[    2.943355] random: crng init done
[    4.136824] systemd-udevd (1037) used greatest stack depth: 6508 bytes left
[    4.137036] systemd-udevd (1036) used greatest stack depth: 6428 bytes left
[    8.516753] EXT4-fs (sda1): mounted filesystem with ordered data mode. Opts: (null)
[   10.321983] systemd[1]: systemd 229 running in system mode. (+PAM +AUDIT +SELINUX +IMA +APPARMOR +SMACK +SYSVINIT +UTMP +LIBCRYPTSETUP +GCRYPT +GNUTLS +ACL +XZ -LZ4 +SECCOMP +BLKID +ELFUTILS +KMOD -IDN)
[   10.322762] systemd[1]: Detected virtualization oracle.
[   10.322808] systemd[1]: Detected architecture x86.
[   10.333521] systemd[1]: Set hostname to <diptarshi-VirtualBox>.
[   12.317162] systemd[1]: Started Forward Password Requests to Wall Directory Watch.
[   12.317272] systemd[1]: Listening on Journal Socket.
[   12.317328] systemd[1]: Listening on /dev/initctl Compatibility Named Pipe.
[   12.317361] systemd[1]: Listening on fsck to fsckd communication Socket.
[   12.317396] systemd[1]: Listening on Journal Socket (/dev/log).
[   12.317865] systemd[1]: Set up automount Arbitrary Executable File Formats File System Automount Point.
[   14.476458] EXT4-fs (sda1): re-mounted. Opts: errors=remount-ro
[   14.826303] run-parts (1143) used greatest stack depth: 6372 bytes left
[   15.426276] systemd-journald[1110]: Received request to flush runtime journal from PID 1
[   21.422661] Adding 1046524k swap on /dev/sda5.  Priority:-2 extents:1 across:1046524k 
[   26.886729] gpu-manager (1488) used greatest stack depth: 6300 bytes left
[   30.271050] irqbalance (1599) used greatest stack depth: 6228 bytes left
[   36.347169] IPv6: ADDRCONF(NETDEV_UP): enp0s3: link is not ready
[   36.372963] e1000: enp0s3 NIC Link is Up 1000 Mbps Full Duplex, Flow Control: RX
[   36.382574] IPv6: ADDRCONF(NETDEV_UP): enp0s3: link is not ready
[   36.386659] IPv6: ADDRCONF(NETDEV_CHANGE): enp0s3: link becomes ready
[   65.778057] systemd-hostnam (1649) used greatest stack depth: 6212 bytes left
[  414.069037] Now I shall print characters from user space!
[  414.069047] 1
[  414.069050] 2
[  414.069052] 3
[  414.069053] 4
[  414.069055] 5
[  414.069057] 6
[  414.069059] 7
[  414.069060] 8
[  414.069062] 9
[  414.069064] 10
[  414.069066] 11
[  414.069068] 12
[  414.069069] 13
[  414.069071] 14
[  414.069073] 15
[  414.069075] 16
[  414.069076] 17
[  414.069078] 18
[  414.069080] 19
[  414.069082] 20
[  414.069083] 21
[  414.069085] 22
[  414.069087] 23
[  414.069089] 24
[  414.069090] 25
[  414.069092] 26
[  414.069094] 27
[  414.069096] 28
[  414.069098] 29
[  414.069099] 30
[  414.069101] 31
[  414.069103] 32
[  414.069105] 33
[  414.069416] 34
[  414.069418] 35
[  414.069420] 36
[  414.069422] 37
[  414.069423] 38
[  414.069425] 39
[  414.069427] 40
[  414.069429] 41
[  414.069431] 42
[  414.069432] 43
[  414.069434] 44
[  414.069436] 45
[  414.069438] 46
[  414.069439] 47
[  414.069441] 48
[  414.069443] 49
[  414.069445] 50
[  414.069446] 51
[  414.069448] 52
[  414.069450] 53
[  414.069452] 54
[  414.069453] 55
[  414.069455] 56
[  414.069457] 57
[  414.069459] 58
[  414.069460] 59
[  414.069462] 60
[  414.069464] 61
[  414.069466] 62
[  414.069467] 63
[  414.069469] 64
[  414.069471] 65
[  414.069473] 66
[  414.069474] 67
[  414.069476] 68
[  414.069478] 69
[  414.069480] 70
[  414.069481] 71
[  414.069483] 72
[  414.069485] 73
[  414.069487] 74
[  414.069489] 75
[  414.069490] 76
[  414.069492] 77
[  414.069494] 78
[  414.069496] 79
[  414.069497] 80
[  414.069499] 81
[  414.069501] 82
[  414.069503] 83
[  414.069504] 84
[  414.069506] 85
[  414.069508] 86
[  414.069510] 87
[  414.069511] 88
[  414.069513] 89
[  414.069515] 90
[  414.069517] 91
[  414.069518] 92
[  414.069520] 93
[  414.069522] 94
[  414.069524] 95
[  414.069525] 96
[  414.069527] 97
[  414.069529] 98
[  414.069531] 99
[  414.069533] 100
[  414.069534] 101
[  414.069536] 102
[  414.069538] 103
[  414.069540] 104
[  414.069541] 105
[  414.069543] 106
[  414.069545] 107
[  414.069547] 108
[  414.069548] 109
[  414.069550] 110
[  414.069552] 111
[  414.069554] 112
[  414.069555] 113
[  414.069557] 114
[  414.069559] 115
[  414.069561] 116
[  414.069562] 117
[  414.069564] 118
[  414.069566] 119
[  414.069568] 120
[  414.069569] 121
[  414.069571] 122
[  414.069573] 123
[  414.069575] 124
[  414.069576] 125
[  414.069578] 126
[  414.069580] 127
[  414.069582] 128
[  414.069583] 129
[  414.069585] 130
[  414.069587] 131
[  414.069589] 132
[  414.069591] 133
[  414.069592] 134
[  414.069594] 135
[  414.069596] 136
[  414.069598] 137
[  414.069599] 138
[  414.069601] 139
[  414.069603] 140
[  414.069605] 141
[  414.069606] 142
[  414.069608] 143
[  414.069610] 144
[  414.069612] 145
[  414.069613] 146
[  414.069615] 147
[  414.069617] 148
[  414.069619] 149
[  414.069620] 150
[  414.069622] 151
[  414.069624] 152
[  414.069626] 153
[  414.069627] 154
[  414.069629] 155
[  414.069631] 156
[  414.069633] 157
[  414.069634] 158
[  414.069636] 159
[  414.069638] 160
[  414.069640] 161
[  414.069641] 162
[  414.069643] 163
[  414.069645] 164
[  414.069647] 165
[  414.069648] 166
[  414.069650] 167
[  414.069652] 168
[  414.069654] 169
[  414.069655] 170
[  414.069657] 171
[  414.069659] 172
[  414.069661] 173
[  414.069662] 174
[  414.069664] 175
[  414.069666] 176
[  414.069668] 177
[  414.069670] 178
[  414.069671] 179
[  414.069673] 180
[  414.069675] 181
[  414.069677] 182
[  414.069678] 183
[  414.069680] 184
[  414.069682] 185
[  414.069684] 186
[  414.069685] 187
[  414.069687] 188
[  414.069689] 189
[  414.069691] 190
[  414.069692] 191
[  414.069694] 192
[  414.069696] 193
[  414.069698] 194
[  414.069699] 195
[  414.069701] 196
[  414.069703] 197
[  414.069705] 198
[  414.069706] 199
[  414.069708] 200
[  414.069710] 201
[  414.069712] 202
[  414.069713] 203
[  414.069715] 204
[  414.069717] 205
[  414.069719] 206
[  414.069720] 207
[  414.069722] 208
[  414.069724] 209
[  414.069726] 210
[  414.069727] 211
[  414.069729] 212
[  414.069731] 213
[  414.069733] 214
[  414.069734] 215
[  414.069736] 216
[  414.069738] 217
[  414.069740] 218
[  414.069742] 219
[  414.069743] 220
[  414.069745] 221
[  414.069747] 222
[  414.069749] 223
[  414.069750] 224
[  414.069752] 225
[  414.069754] 226
[  414.069756] 227
[  414.069757] 228
[  414.069759] 229
[  414.069761] 230
[  414.069763] 231
[  414.069764] 232
[  414.069766] 233
[  414.069768] 234
[  414.069770] 235
[  414.069771] 236
[  414.069773] 237
[  414.069775] 238
[  414.069777] 239
[  414.069778] 240
[  414.069780] 241
[  414.069782] 242
[  414.069784] 243
[  414.069785] 244
[  414.069787] 245
[  414.069789] 246
[  414.069791] 247
[  414.069792] 248
[  414.069794] 249
[  414.069796] 250
[  414.069798] 251
[  414.069799] 252
[  414.069801] 253
[  414.069803] 254
[  414.069805] 255
[  414.069807] 33620481
[  414.069809] The copy of user buffer into kernel space has been successful 
[  414.069811] Now I shall print characters from kernel space!
[  414.069813] 1
[  414.069815] 2
[  414.069817] 3
[  414.069819] 4
[  414.069820] 5
[  414.069822] 6
[  414.069824] 7
[  414.069826] 8
[  414.069827] 9
[  414.069829] 10
[  414.073517] 11
[  414.073520] 12
[  414.073522] 13
[  414.073524] 14
[  414.073526] 15
[  414.073527] 16
[  414.073529] 17
[  414.073531] 18
[  414.073533] 19
[  414.073534] 20
[  414.073536] 21
[  414.073538] 22
[  414.073540] 23
[  414.073541] 24
[  414.073543] 25
[  414.073545] 26
[  414.073547] 27
[  414.073548] 28
[  414.073550] 29
[  414.073552] 30
[  414.073554] 31
[  414.073555] 32
[  414.073557] 33
[  414.073559] 34
[  414.073560] 35
[  414.073562] 36
[  414.073564] 37
[  414.073566] 38
[  414.073567] 39
[  414.073569] 40
[  414.073571] 41
[  414.073573] 42
[  414.073574] 43
[  414.073576] 44
[  414.073578] 45
[  414.073580] 46
[  414.073581] 47
[  414.073583] 48
[  414.073585] 49
[  414.073587] 50
[  414.073588] 51
[  414.073590] 52
[  414.073592] 53
[  414.073594] 54
[  414.073595] 55
[  414.073597] 56
[  414.073599] 57
[  414.073601] 58
[  414.073602] 59
[  414.073604] 60
[  414.073606] 61
[  414.073608] 62
[  414.073609] 63
[  414.073611] 64
[  414.073613] 65
[  414.073615] 66
[  414.073616] 67
[  414.073618] 68
[  414.073620] 69
[  414.073622] 70
[  414.073623] 71
[  414.073625] 72
[  414.073627] 73
[  414.073628] 74
[  414.073630] 75
[  414.073632] 76
[  414.073634] 77
[  414.073635] 78
[  414.073637] 79
[  414.073639] 80
[  414.073641] 81
[  414.073642] 82
[  414.073644] 83
[  414.073706] 84
[  414.074390] 85
[  414.074438] 86
[  414.074481] 87
[  414.074632] 88
[  414.074826] 89
[  414.074828] 90
[  414.074830] 91
[  414.074832] 92
[  414.074833] 93
[  414.074835] 94
[  414.074837] 95
[  414.074839] 96
[  414.074840] 97
[  414.074978] 98
[  414.074981] 99
[  414.074982] 100
[  414.074984] 101
[  414.074986] 102
[  414.074988] 103
[  414.074990] 104
[  414.074991] 105
[  414.074993] 106
[  414.074995] 107
[  414.074997] 108
[  414.074998] 109
[  414.075000] 110
[  414.075002] 111
[  414.075004] 112
[  414.075005] 113
[  414.075007] 114
[  414.075009] 115
[  414.075011] 116
[  414.075012] 117
[  414.075014] 118
[  414.075016] 119
[  414.075018] 120
[  414.075019] 121
[  414.075021] 122
[  414.075023] 123
[  414.075025] 124
[  414.075026] 125
[  414.075028] 126
[  414.075030] 127
[  414.075032] 128
[  414.075033] 129
[  414.075035] 130
[  414.075037] 131
[  414.075039] 132
[  414.075040] 133
[  414.075042] 134
[  414.075044] 135
[  414.075046] 136
[  414.075048] 137
[  414.075049] 138
[  414.075051] 139
[  414.075053] 140
[  414.075055] 141
[  414.075056] 142
[  414.075058] 143
[  414.075060] 144
[  414.075062] 145
[  414.075063] 146
[  414.075065] 147
[  414.075067] 148
[  414.075069] 149
[  414.075070] 150
[  414.075072] 151
[  414.075074] 152
[  414.075076] 153
[  414.075077] 154
[  414.075079] 155
[  414.075081] 156
[  414.075083] 157
[  414.075084] 158
[  414.075086] 159
[  414.075088] 160
[  414.075090] 161
[  414.075091] 162
[  414.075093] 163
[  414.075095] 164
[  414.075097] 165
[  414.075098] 166
[  414.075100] 167
[  414.075102] 168
[  414.075104] 169
[  414.075105] 170
[  414.075107] 171
[  414.075109] 172
[  414.075111] 173
[  414.075112] 174
[  414.075114] 175
[  414.075116] 176
[  414.075118] 177
[  414.075119] 178
[  414.075121] 179
[  414.075123] 180
[  414.075125] 181
[  414.075127] 182
[  414.075128] 183
[  414.075130] 184
[  414.075132] 185
[  414.075134] 186
[  414.075135] 187
[  414.075137] 188
[  414.075139] 189
[  414.075141] 190
[  414.075142] 191
[  414.075144] 192
[  414.075146] 193
[  414.075148] 194
[  414.075149] 195
[  414.075151] 196
[  414.075153] 197
[  414.075155] 198
[  414.075156] 199
[  414.075158] 200
[  414.075160] 201
[  414.075162] 202
[  414.075163] 203
[  414.075165] 204
[  414.075167] 205
[  414.075169] 206
[  414.075170] 207
[  414.075172] 208
[  414.075174] 209
[  414.075176] 210
[  414.075177] 211
[  414.075179] 212
[  414.075181] 213
[  414.075183] 214
[  414.075184] 215
[  414.075186] 216
[  414.075188] 217
[  414.075190] 218
[  414.075191] 219
[  414.075193] 220
[  414.075195] 221
[  414.075197] 222
[  414.075198] 223
[  414.075200] 224
[  414.075202] 225
[  414.075204] 226
[  414.075205] 227
[  414.075207] 228
[  414.075209] 229
[  414.075211] 230
[  414.075213] 231
[  414.075214] 232
[  414.075216] 233
[  414.075218] 234
[  414.075220] 235
[  414.075221] 236
[  414.075223] 237
[  414.075225] 238
[  414.075227] 239
[  414.075228] 240
[  414.075230] 241
[  414.075232] 242
[  414.075234] 243
[  414.075235] 244
[  414.075237] 245
[  414.075239] 246
[  414.075241] 247
[  414.075242] 248
[  414.075244] 249
[  414.075246] 250
[  414.075248] 251
[  414.075249] 252
[  414.075251] 253
[  414.075253] 254
[  414.075255] 255
[  414.075257] 33620481
[  414.075258] System call sorting has started 
[  414.075387] System call for sorting ended 
[  414.075389] Now I shall print characters from user space after sorting!
[  414.075391] 33620481
[  414.076354] 255
[  414.076416] 254
[  414.076470] 253
[  414.076520] 252
[  414.076567] 251
[  414.076609] 250
[  414.076648] 249
[  414.076669] 248
[  414.076864] 247
[  414.076866] 246
[  414.076868] 245
[  414.076869] 244
[  414.076871] 243
[  414.076873] 242
[  414.076875] 241
[  414.076876] 240
[  414.076878] 239
[  414.076880] 238
[  414.076882] 237
[  414.076883] 236
[  414.076885] 235
[  414.076887] 234
[  414.076889] 233
[  414.076891] 232
[  414.076892] 231
[  414.076894] 230
[  414.076896] 229
[  414.076898] 228
[  414.076899] 227
[  414.076901] 226
[  414.076903] 225
[  414.076905] 224
[  414.076906] 223
[  414.076908] 222
[  414.076910] 221
[  414.076912] 220
[  414.076914] 219
[  414.076915] 218
[  414.076917] 217
[  414.076919] 216
[  414.076921] 215
[  414.076923] 214
[  414.076924] 213
[  414.076926] 212
[  414.076928] 211
[  414.076930] 210
[  414.076931] 209
[  414.076933] 208
[  414.076935] 207
[  414.076937] 206
[  414.076938] 205
[  414.076940] 204
[  414.076942] 203
[  414.076944] 202
[  414.076946] 201
[  414.076947] 200
[  414.076949] 199
[  414.076951] 198
[  414.076953] 197
[  414.076954] 196
[  414.076956] 195
[  414.076958] 194
[  414.076960] 193
[  414.076961] 192
[  414.076963] 191
[  414.077080] 190
[  414.077082] 189
[  414.077083] 188
[  414.077085] 187
[  414.077087] 186
[  414.077089] 185
[  414.077091] 184
[  414.077092] 183
[  414.077094] 182
[  414.077096] 181
[  414.077098] 180
[  414.077099] 179
[  414.077101] 178
[  414.077103] 177
[  414.077105] 176
[  414.077107] 175
[  414.077108] 174
[  414.077110] 173
[  414.077112] 172
[  414.077114] 171
[  414.077115] 170
[  414.077117] 169
[  414.077119] 168
[  414.077121] 167
[  414.077122] 166
[  414.077124] 165
[  414.077126] 164
[  414.077128] 163
[  414.077130] 162
[  414.077131] 161
[  414.077133] 160
[  414.077135] 159
[  414.077137] 158
[  414.077138] 157
[  414.077140] 156
[  414.077142] 155
[  414.077144] 154
[  414.077145] 153
[  414.077147] 152
[  414.077149] 151
[  414.077151] 150
[  414.077153] 149
[  414.077154] 148
[  414.077156] 147
[  414.077158] 146
[  414.077160] 145
[  414.077161] 144
[  414.077163] 143
[  414.077165] 142
[  414.077167] 141
[  414.077168] 140
[  414.077170] 139
[  414.077172] 138
[  414.077174] 137
[  414.077175] 136
[  414.077177] 135
[  414.077179] 134
[  414.077181] 133
[  414.077183] 132
[  414.077184] 131
[  414.077186] 130
[  414.077188] 129
[  414.077190] 128
[  414.077191] 127
[  414.077193] 126
[  414.077195] 125
[  414.077197] 124
[  414.077198] 123
[  414.077200] 122
[  414.077202] 121
[  414.077204] 120
[  414.077206] 119
[  414.077207] 118
[  414.077209] 117
[  414.077211] 116
[  414.077213] 115
[  414.077214] 114
[  414.077216] 113
[  414.077218] 112
[  414.077220] 111
[  414.077221] 110
[  414.077223] 109
[  414.077225] 108
[  414.077227] 107
[  414.077229] 106
[  414.077230] 105
[  414.077232] 104
[  414.077234] 103
[  414.077236] 102
[  414.077237] 101
[  414.077239] 100
[  414.077241] 99
[  414.077243] 98
[  414.077245] 97
[  414.077246] 96
[  414.077248] 95
[  414.077250] 94
[  414.077252] 93
[  414.077253] 92
[  414.077255] 91
[  414.077257] 90
[  414.077259] 89
[  414.077261] 88
[  414.077262] 87
[  414.077264] 86
[  414.077266] 85
[  414.077268] 84
[  414.077269] 83
[  414.077271] 82
[  414.077273] 81
[  414.077275] 80
[  414.077277] 79
[  414.077278] 78
[  414.077280] 77
[  414.077282] 76
[  414.077284] 75
[  414.077285] 74
[  414.077287] 73
[  414.077289] 72
[  414.077291] 71
[  414.077293] 70
[  414.077294] 69
[  414.077296] 68
[  414.077298] 67
[  414.077300] 66
[  414.077301] 65
[  414.077303] 64
[  414.077305] 63
[  414.077307] 62
[  414.077308] 61
[  414.077310] 60
[  414.077312] 59
[  414.077314] 58
[  414.077316] 57
[  414.077317] 56
[  414.077319] 55
[  414.077321] 54
[  414.077323] 53
[  414.077324] 52
[  414.077326] 51
[  414.077328] 50
[  414.077330] 49
[  414.077331] 48
[  414.077333] 47
[  414.077335] 46
[  414.077337] 45
[  414.077339] 44
[  414.077340] 43
[  414.077342] 42
[  414.077344] 41
[  414.077346] 40
[  414.077347] 39
[  414.077349] 38
[  414.077351] 37
[  414.077353] 36
[  414.077355] 35
[  414.077356] 34
[  414.077358] 33
[  414.077360] 32
[  414.077362] 31
[  414.077363] 30
[  414.077365] 29
[  414.077367] 28
[  414.077369] 27
[  414.077371] 26
[  414.077372] 25
[  414.077374] 24
[  414.077376] 23
[  414.077378] 22
[  414.077379] 21
[  414.077381] 20
[  414.077383] 19
[  414.077385] 18
[  414.077386] 17
[  414.077388] 16
[  414.077390] 15
[  414.077392] 14
[  414.077394] 13
[  414.077395] 12
[  414.077397] 11
[  414.077399] 10
[  414.077401] 9
[  414.077403] 8
[  414.077404] 7
[  414.077406] 6
[  414.077408] 5
[  414.077410] 4
[  414.077411] 3
[  414.077413] 2
[  414.077415] 1
[  414.077417] Now we shall again copy memory from kernel space to user space 
[  414.077419] System call successfully transferred from kernel space to user space 
[  414.077421] Now I shall print characters from user space!
[  414.077423] 33620481
[  414.077425] 255
[  414.077427] 254
[  414.077428] 253
[  414.077430] 252
[  414.077432] 251
[  414.077434] 250
[  414.077435] 249
[  414.077437] 248
[  414.077439] 247
[  414.077441] 246
[  414.077443] 245
[  414.077444] 244
[  414.077446] 243
[  414.077448] 242
[  414.077450] 241
[  414.077451] 240
[  414.077453] 239
[  414.077455] 238
[  414.077457] 237
[  414.077458] 236
[  414.077460] 235
[  414.077462] 234
[  414.077464] 233
[  414.077466] 232
[  414.077467] 231
[  414.077469] 230
[  414.077471] 229
[  414.077473] 228
[  414.077474] 227
[  414.077476] 226
[  414.077478] 225
[  414.077480] 224
[  414.077481] 223
[  414.077483] 222
[  414.077485] 221
[  414.077487] 220
[  414.077488] 219
[  414.077490] 218
[  414.077492] 217
[  414.077494] 216
[  414.077496] 215
[  414.077497] 214
[  414.077499] 213
[  414.077501] 212
[  414.077503] 211
[  414.077504] 210
[  414.077506] 209
[  414.077508] 208
[  414.077510] 207
[  414.077512] 206
[  414.077513] 205
[  414.077515] 204
[  414.077517] 203
[  414.077519] 202
[  414.077520] 201
[  414.077522] 200
[  414.077524] 199
[  414.077526] 198
[  414.077527] 197
[  414.077529] 196
[  414.077531] 195
[  414.077533] 194
[  414.078500] 193
[  414.078558] 192
[  414.078611] 191
[  414.078659] 190
[  414.078702] 189
[  414.078709] 188
[  414.078709] 187
[  414.078709] 186
[  414.078709] 185
[  414.078709] 184
[  414.078709] 183
[  414.078709] 182
[  414.078709] 181
[  414.078709] 180
[  414.078709] 179
[  414.078709] 178
[  414.078709] 177
[  414.078709] 176
[  414.078709] 175
[  414.078709] 174
[  414.078709] 173
[  414.078709] 172
[  414.078709] 171
[  414.078709] 170
[  414.078709] 169
[  414.078709] 168
[  414.078709] 167
[  414.078709] 166
[  414.078709] 165
[  414.078709] 164
[  414.078709] 163
[  414.078710] 162
[  414.078710] 161
[  414.078710] 160
[  414.078710] 159
[  414.078710] 158
[  414.078710] 157
[  414.078710] 156
[  414.078710] 155
[  414.078710] 154
[  414.078710] 153
[  414.078710] 152
[  414.078710] 151
[  414.078710] 150
[  414.078710] 149
[  414.078710] 148
[  414.078710] 147
[  414.078710] 146
[  414.078710] 145
[  414.078710] 144
[  414.078710] 143
[  414.078710] 142
[  414.078710] 141
[  414.078710] 140
[  414.078710] 139
[  414.078710] 138
[  414.078710] 137
[  414.078710] 136
[  414.078710] 135
[  414.078710] 134
[  414.078710] 133
[  414.078710] 132
[  414.078710] 131
[  414.078710] 130
[  414.078710] 129
[  414.078710] 128
[  414.078710] 127
[  414.078710] 126
[  414.078710] 125
[  414.078711] 124
[  414.078711] 123
[  414.078711] 122
[  414.078711] 121
[  414.078711] 120
[  414.078711] 119
[  414.078711] 118
[  414.078711] 117
[  414.078711] 116
[  414.078711] 115
[  414.078711] 114
[  414.078711] 113
[  414.078711] 112
[  414.078711] 111
[  414.078711] 110
[  414.078711] 109
[  414.078711] 108
[  414.078711] 107
[  414.078711] 106
[  414.078711] 105
[  414.078711] 104
[  414.078711] 103
[  414.078711] 102
[  414.078711] 101
[  414.078711] 100
[  414.078711] 99
[  414.078711] 98
[  414.078711] 97
[  414.078711] 96
[  414.078711] 95
[  414.078711] 94
[  414.078711] 93
[  414.078711] 92
[  414.078711] 91
[  414.078711] 90
[  414.078711] 89
[  414.078711] 88
[  414.078712] 87
[  414.078712] 86
[  414.078712] 85
[  414.078712] 84
[  414.078712] 83
[  414.078725] 82
[  414.078727] 81
[  414.078729] 80
[  414.078731] 79
[  414.078732] 78
[  414.078734] 77
[  414.078736] 76
[  414.078738] 75
[  414.078740] 74
[  414.078741] 73
[  414.078743] 72
[  414.078745] 71
[  414.078747] 70
[  414.078748] 69
[  414.078750] 68
[  414.078752] 67
[  414.078754] 66
[  414.078756] 65
[  414.078757] 64
[  414.078759] 63
[  414.078761] 62
[  414.078763] 61
[  414.078764] 60
[  414.078766] 59
[  414.078768] 58
[  414.078770] 57
[  414.078771] 56
[  414.078773] 55
[  414.078775] 54
[  414.078777] 53
[  414.078779] 52
[  414.078780] 51
[  414.078782] 50
[  414.078784] 49
[  414.078786] 48
[  414.078787] 47
[  414.078789] 46
[  414.078791] 45
[  414.078793] 44
[  414.078795] 43
[  414.078796] 42
[  414.078798] 41
[  414.078800] 40
[  414.078802] 39
[  414.078803] 38
[  414.078805] 37
[  414.078807] 36
[  414.078809] 35
[  414.078810] 34
[  414.078812] 33
[  414.078814] 32
[  414.078816] 31
[  414.078817] 30
[  414.078819] 29
[  414.078821] 28
[  414.078823] 27
[  414.078825] 26
[  414.078826] 25
[  414.078828] 24
[  414.078830] 23
[  414.078832] 22
[  414.078833] 21
[  414.078835] 20
[  414.078837] 19
[  414.078839] 18
[  414.078840] 17
[  414.078842] 16
[  414.078844] 15
[  414.078846] 14
[  414.078848] 13
[  414.078849] 12
[  414.078851] 11
[  414.078853] 10
[  414.078855] 9
[  414.078856] 8
[  414.078858] 7
[  414.078860] 6
[  414.078862] 5
[  414.078864] 4
[  414.078865] 3
[  414.078867] 2
[  414.078869] 1
[  467.958727] kworker/dying (864) used greatest stack depth: 6056 bytes left
[  693.345031] kworker/dying (15) used greatest stack depth: 5840 bytes left
[  743.770485] Now I shall print characters from user space!
[  743.770492] 1
[  743.770498] 2
[  743.770503] 3
[  743.770507] 4
[  743.770510] 5
[  743.770513] 6
[  743.770515] 7
[  743.770517] 8
[  743.770518] 9
[  743.770519] 10
[  743.770520] 11
[  743.770521] 12
[  743.770521] 13
[  743.770522] 14
[  743.770522] 15
[  743.770522] 16
[  743.770523] 17
[  743.770523] 18
[  743.770523] 19
[  743.770523] 20
[  743.770523] 21
[  743.770523] 22
[  743.770524] 23
[  743.770524] 24
[  743.770524] 25
[  743.770524] 26
[  743.770524] 27
[  743.770524] 28
[  743.770524] 29
[  743.770524] 30
[  743.770524] 31
[  743.770524] 32
[  743.770524] 33
[  743.770524] 34
[  743.770524] 35
[  743.770524] 36
[  743.770524] 37
[  743.770524] 38
[  743.770524] 39
[  743.770524] 40
[  743.770524] 41
[  743.770524] 42
[  743.770524] 43
[  743.770524] 44
[  743.770524] 45
[  743.770524] 46
[  743.770524] 47
[  743.770524] 48
[  743.770524] 49
[  743.770524] 50
[  743.770524] 51
[  743.770524] 52
[  743.770524] 53
[  743.770524] 54
[  743.770524] 55
[  743.770524] 56
[  743.770524] 57
[  743.770524] 58
[  743.770524] 59
[  743.770524] 60
[  743.770524] 61
[  743.770524] 62
[  743.770524] 63
[  743.770524] 64
[  743.770524] 65
[  743.770524] 66
[  743.770524] 67
[  743.770524] 68
[  743.770524] 69
[  743.770524] 70
[  743.770524] 71
[  743.770524] 72
[  743.770524] 73
[  743.770524] 74
[  743.770524] 75
[  743.770524] 76
[  743.770524] 77
[  743.770524] 78
[  743.770524] 79
[  743.770555] 80
[  743.770562] 81
[  743.770564] 82
[  743.770566] 83
[  743.770568] 84
[  743.770570] 85
[  743.770572] 86
[  743.770574] 87
[  743.770576] 88
[  743.770578] 89
[  743.770580] 90
[  743.770582] 91
[  743.770584] 92
[  743.770586] 93
[  743.770588] 94
[  743.770590] 95
[  743.770592] 96
[  743.770594] 97
[  743.770596] 98
[  743.770598] 99
[  743.770600] 100
[  743.770602] 101
[  743.770604] 102
[  743.770606] 103
[  743.770608] 104
[  743.770610] 105
[  743.770612] 106
[  743.770614] 107
[  743.770616] 108
[  743.770618] 109
[  743.770620] 110
[  743.770622] 111
[  743.770624] 112
[  743.770626] 113
[  743.770628] 114
[  743.770630] 115
[  743.770632] 116
[  743.770634] 117
[  743.770636] 118
[  743.770638] 119
[  743.770640] 120
[  743.770642] 121
[  743.770644] 122
[  743.770646] 123
[  743.770648] 124
[  743.770650] 125
[  743.770652] 126
[  743.770654] 127
[  743.770655] 128
[  743.770658] 129
[  743.770659] 130
[  743.770661] 131
[  743.770663] 132
[  743.770665] 133
[  743.770667] 134
[  743.770669] 135
[  743.770671] 136
[  743.770673] 137
[  743.770675] 138
[  743.770677] 139
[  743.770679] 140
[  743.770681] 141
[  743.770683] 142
[  743.770685] 143
[  743.770687] 144
[  743.770689] 145
[  743.770691] 146
[  743.770693] 147
[  743.770695] 148
[  743.770697] 149
[  743.770699] 150
[  743.770701] 151
[  743.770703] 152
[  743.770705] 153
[  743.770707] 154
[  743.770709] 155
[  743.770711] 156
[  743.770713] 157
[  743.770715] 158
[  743.770717] 159
[  743.770719] 160
[  743.770721] 161
[  743.770723] 162
[  743.770725] 163
[  743.770727] 164
[  743.770729] 165
[  743.770731] 166
[  743.770733] 167
[  743.770735] 168
[  743.770737] 169
[  743.770739] 170
[  743.770741] 171
[  743.770743] 172
[  743.770745] 173
[  743.770747] 174
[  743.770749] 175
[  743.770750] 176
[  743.770752] 177
[  743.770754] 178
[  743.770756] 179
[  743.770758] 180
[  743.770760] 181
[  743.770762] 182
[  743.770764] 183
[  743.770766] 184
[  743.770768] 185
[  743.770770] 186
[  743.770772] 187
[  743.770774] 188
[  743.770776] 189
[  743.770778] 190
[  743.770780] 191
[  743.770782] 192
[  743.770784] 193
[  743.770786] 194
[  743.770788] 195
[  743.770790] 196
[  743.770792] 197
[  743.770794] 198
[  743.770796] 199
[  743.770798] 200
[  743.770800] 201
[  743.770802] 202
[  743.770804] 203
[  743.770806] 204
[  743.770808] 205
[  743.770810] 206
[  743.770812] 207
[  743.770814] 208
[  743.770816] 209
[  743.770818] 210
[  743.770820] 211
[  743.770822] 212
[  743.770824] 213
[  743.770826] 214
[  743.770828] 215
[  743.770830] 216
[  743.770832] 217
[  743.770834] 218
[  743.770836] 219
[  743.770838] 220
[  743.770840] 221
[  743.770841] 222
[  743.770843] 223
[  743.770845] 224
[  743.770847] 225
[  743.770849] 226
[  743.770851] 227
[  743.770853] 228
[  743.770855] 229
[  743.770857] 230
[  743.770859] 231
[  743.770861] 232
[  743.770863] 233
[  743.770865] 234
[  743.770867] 235
[  743.770869] 236
[  743.770871] 237
[  743.770873] 238
[  743.770875] 239
[  743.770877] 240
[  743.770879] 241
[  743.770881] 242
[  743.770883] 243
[  743.770885] 244
[  743.770887] 245
[  743.770889] 246
[  743.770891] 247
[  743.770893] 248
[  743.770895] 249
[  743.770897] 250
[  743.770899] 251
[  743.770901] 252
[  743.770903] 253
[  743.770905] 254
[  743.770907] 255
[  743.770909] 33620481
[  743.770912] The copy of user buffer into kernel space has been successful 
[  743.770914] Now I shall print characters from kernel space!
[  743.770916] 1
[  743.770918] 2
[  743.770920] 3
[  743.770922] 4
[  743.770924] 5
[  743.770926] 6
[  743.770928] 7
[  743.770930] 8
[  743.770932] 9
[  743.770934] 10
[  743.770936] 11
[  743.770938] 12
[  743.770940] 13
[  743.770942] 14
[  743.770944] 15
[  743.770946] 16
[  743.770948] 17
[  743.770950] 18
[  743.770952] 19
[  743.770954] 20
[  743.770956] 21
[  743.770958] 22
[  743.770960] 23
[  743.770962] 24
[  743.770964] 25
[  743.770966] 26
[  743.770968] 27
[  743.770970] 28
[  743.770972] 29
[  743.770974] 30
[  743.770976] 31
[  743.770978] 32
[  743.770980] 33
[  743.770982] 34
[  743.770984] 35
[  743.770986] 36
[  743.770988] 37
[  743.770990] 38
[  743.770992] 39
[  743.770994] 40
[  743.770996] 41
[  743.770998] 42
[  743.771000] 43
[  743.771002] 44
[  743.771004] 45
[  743.771006] 46
[  743.771008] 47
[  743.771010] 48
[  743.771012] 49
[  743.771014] 50
[  743.771016] 51
[  743.771017] 52
[  743.771019] 53
[  743.771021] 54
[  743.771023] 55
[  743.771025] 56
[  743.771027] 57
[  743.771031] 58
[  743.772669] 59
[  743.772725] 60
[  743.772759] 61
[  743.773551] 62
[  743.774699] 63
[  743.774764] 64
[  743.775600] 65
[  743.775660] 66
[  743.775714] 67
[  743.775728] 68
[  743.776483] 69
[  743.776536] 70
[  743.776584] 71
[  743.776628] 72
[  743.776669] 73
[  743.776706] 74
[  743.776707] 75
[  743.777400] 76
[  743.777444] 77
[  743.777573] 78
[  743.777610] 79
[  743.777645] 80
[  743.777677] 81
[  743.777682] 82
[  743.777988] 83
[  743.777991] 84
[  743.777993] 85
[  743.777995] 86
[  743.777997] 87
[  743.777998] 88
[  743.778000] 89
[  743.778002] 90
[  743.778004] 91
[  743.778006] 92
[  743.778008] 93
[  743.778010] 94
[  743.778012] 95
[  743.778014] 96
[  743.778016] 97
[  743.778018] 98
[  743.778020] 99
[  743.778022] 100
[  743.778024] 101
[  743.778026] 102
[  743.778028] 103
[  743.778030] 104
[  743.778032] 105
[  743.778034] 106
[  743.778036] 107
[  743.778038] 108
[  743.778057] 109
[  743.778059] 110
[  743.778061] 111
[  743.778063] 112
[  743.778065] 113
[  743.778067] 114
[  743.778069] 115
[  743.778071] 116
[  743.778073] 117
[  743.778075] 118
[  743.778077] 119
[  743.778079] 120
[  743.778081] 121
[  743.778083] 122
[  743.778085] 123
[  743.778087] 124
[  743.778089] 125
[  743.778091] 126
[  743.778093] 127
[  743.778095] 128
[  743.778097] 129
[  743.778099] 130
[  743.778101] 131
[  743.778103] 132
[  743.778105] 133
[  743.778107] 134
[  743.778109] 135
[  743.778111] 136
[  743.778113] 137
[  743.778115] 138
[  743.778117] 139
[  743.778119] 140
[  743.778121] 141
[  743.778123] 142
[  743.778125] 143
[  743.778127] 144
[  743.778129] 145
[  743.778131] 146
[  743.778133] 147
[  743.778135] 148
[  743.778137] 149
[  743.778139] 150
[  743.778141] 151
[  743.778143] 152
[  743.778145] 153
[  743.778146] 154
[  743.778148] 155
[  743.778150] 156
[  743.778152] 157
[  743.778154] 158
[  743.778156] 159
[  743.778158] 160
[  743.778160] 161
[  743.778162] 162
[  743.778164] 163
[  743.778166] 164
[  743.778168] 165
[  743.778170] 166
[  743.778172] 167
[  743.778174] 168
[  743.778176] 169
[  743.778178] 170
[  743.778180] 171
[  743.778182] 172
[  743.778184] 173
[  743.778186] 174
[  743.778188] 175
[  743.778190] 176
[  743.778192] 177
[  743.778194] 178
[  743.778196] 179
[  743.778198] 180
[  743.778200] 181
[  743.778202] 182
[  743.778204] 183
[  743.778206] 184
[  743.778208] 185
[  743.778210] 186
[  743.778212] 187
[  743.778214] 188
[  743.778216] 189
[  743.778218] 190
[  743.778220] 191
[  743.778222] 192
[  743.778224] 193
[  743.778226] 194
[  743.778228] 195
[  743.778230] 196
[  743.778232] 197
[  743.778233] 198
[  743.778235] 199
[  743.778237] 200
[  743.778239] 201
[  743.778241] 202
[  743.778243] 203
[  743.778245] 204
[  743.778247] 205
[  743.778249] 206
[  743.778251] 207
[  743.778253] 208
[  743.778255] 209
[  743.778257] 210
[  743.778259] 211
[  743.778261] 212
[  743.778263] 213
[  743.778265] 214
[  743.778267] 215
[  743.778269] 216
[  743.778271] 217
[  743.778273] 218
[  743.778275] 219
[  743.778277] 220
[  743.778279] 221
[  743.778281] 222
[  743.778283] 223
[  743.778285] 224
[  743.778287] 225
[  743.778289] 226
[  743.778291] 227
[  743.778293] 228
[  743.778295] 229
[  743.778297] 230
[  743.778299] 231
[  743.778301] 232
[  743.778303] 233
[  743.778305] 234
[  743.778307] 235
[  743.778309] 236
[  743.778311] 237
[  743.778313] 238
[  743.778315] 239
[  743.778317] 240
[  743.778319] 241
[  743.778321] 242
[  743.778322] 243
[  743.778324] 244
[  743.778326] 245
[  743.778328] 246
[  743.778330] 247
[  743.778332] 248
[  743.778334] 249
[  743.778336] 250
[  743.778338] 251
[  743.778340] 252
[  743.778342] 253
[  743.778344] 254
[  743.778346] 255
[  743.778348] 33620481
[  743.778350] System call sorting has started 
[  743.779733] System call for sorting ended 
[  743.779735] Now I shall print characters from user space after sorting!
[  743.780256] 33620481
[  743.780282] 255
[  743.780306] 254
[  743.780327] 253
[  743.780347] 252
[  743.780372] 251
[  743.780387] 250
[  743.780400] 249
[  743.780418] 248
[  743.780429] 247
[  743.780438] 246
[  743.780447] 245
[  743.780454] 244
[  743.780461] 243
[  743.780467] 242
[  743.780473] 241
[  743.780478] 240
[  743.780483] 239
[  743.780487] 238
[  743.780491] 237
[  743.780494] 236
[  743.780497] 235
[  743.780500] 234
[  743.780502] 233
[  743.780504] 232
[  743.780506] 231
[  743.780508] 230
[  743.780510] 229
[  743.780511] 228
[  743.780513] 227
[  743.780514] 226
[  743.780515] 225
[  743.780516] 224
[  743.780517] 223
[  743.780518] 222
[  743.780518] 221
[  743.780519] 220
[  743.780520] 219
[  743.780520] 218
[  743.780521] 217
[  743.780521] 216
[  743.780522] 215
[  743.780522] 214
[  743.780522] 213
[  743.780523] 212
[  743.780523] 211
[  743.780523] 210
[  743.780523] 209
[  743.780524] 208
[  743.780524] 207
[  743.780524] 206
[  743.780524] 205
[  743.780524] 204
[  743.780524] 203
[  743.780524] 202
[  743.780524] 201
[  743.780524] 200
[  743.780525] 199
[  743.780525] 198
[  743.780525] 197
[  743.780525] 196
[  743.780525] 195
[  743.780525] 194
[  743.780525] 193
[  743.780525] 192
[  743.780525] 191
[  743.780525] 190
[  743.780525] 189
[  743.780525] 188
[  743.780525] 187
[  743.780525] 186
[  743.780525] 185
[  743.780525] 184
[  743.780525] 183
[  743.780525] 182
[  743.780525] 181
[  743.780525] 180
[  743.780525] 179
[  743.780525] 178
[  743.780525] 177
[  743.780525] 176
[  743.780525] 175
[  743.780525] 174
[  743.780525] 173
[  743.780525] 172
[  743.780525] 171
[  743.780525] 170
[  743.780525] 169
[  743.780525] 168
[  743.780525] 167
[  743.780525] 166
[  743.780525] 165
[  743.780525] 164
[  743.780525] 163
[  743.780525] 162
[  743.780556] 161
[  743.780563] 160
[  743.780565] 159
[  743.780567] 158
[  743.780569] 157
[  743.780571] 156
[  743.780573] 155
[  743.780575] 154
[  743.780577] 153
[  743.780579] 152
[  743.780581] 151
[  743.780583] 150
[  743.780585] 149
[  743.780587] 148
[  743.780589] 147
[  743.780591] 146
[  743.780593] 145
[  743.780595] 144
[  743.780597] 143
[  743.780599] 142
[  743.780600] 141
[  743.780602] 140
[  743.780604] 139
[  743.780606] 138
[  743.780608] 137
[  743.780610] 136
[  743.780612] 135
[  743.780614] 134
[  743.780616] 133
[  743.780618] 132
[  743.780620] 131
[  743.780622] 130
[  743.780624] 129
[  743.780626] 128
[  743.780628] 127
[  743.780630] 126
[  743.780632] 125
[  743.780634] 124
[  743.780636] 123
[  743.780638] 122
[  743.780640] 121
[  743.780642] 120
[  743.780644] 119
[  743.780646] 118
[  743.780648] 117
[  743.780650] 116
[  743.780652] 115
[  743.780654] 114
[  743.780656] 113
[  743.780658] 112
[  743.780660] 111
[  743.780662] 110
[  743.780664] 109
[  743.780666] 108
[  743.780668] 107
[  743.780669] 106
[  743.780671] 105
[  743.780673] 104
[  743.780675] 103
[  743.780677] 102
[  743.780679] 101
[  743.780681] 100
[  743.780683] 99
[  743.780685] 98
[  743.780687] 97
[  743.780689] 96
[  743.780691] 95
[  743.780693] 94
[  743.780695] 93
[  743.780697] 92
[  743.780699] 91
[  743.780701] 90
[  743.780703] 89
[  743.780705] 88
[  743.780707] 87
[  743.780709] 86
[  743.780711] 85
[  743.780713] 84
[  743.780715] 83
[  743.780717] 82
[  743.780719] 81
[  743.780721] 80
[  743.780723] 79
[  743.780725] 78
[  743.780727] 77
[  743.780729] 76
[  743.780731] 75
[  743.780733] 74
[  743.780735] 73
[  743.780737] 72
[  743.780739] 71
[  743.780741] 70
[  743.780743] 69
[  743.780745] 68
[  743.780746] 67
[  743.780748] 66
[  743.780750] 65
[  743.780752] 64
[  743.780754] 63
[  743.780756] 62
[  743.780758] 61
[  743.780760] 60
[  743.780762] 59
[  743.780764] 58
[  743.780766] 57
[  743.780768] 56
[  743.780770] 55
[  743.780772] 54
[  743.780774] 53
[  743.780776] 52
[  743.780778] 51
[  743.780780] 50
[  743.780782] 49
[  743.780784] 48
[  743.780786] 47
[  743.780788] 46
[  743.780790] 45
[  743.780792] 44
[  743.780794] 43
[  743.780795] 42
[  743.780797] 41
[  743.780799] 40
[  743.780801] 39
[  743.780803] 38
[  743.780805] 37
[  743.780807] 36
[  743.780809] 35
[  743.780811] 34
[  743.780813] 33
[  743.780815] 32
[  743.780817] 31
[  743.780819] 30
[  743.780821] 29
[  743.780823] 28
[  743.780825] 27
[  743.780827] 26
[  743.780829] 25
[  743.780831] 24
[  743.780833] 23
[  743.780835] 22
[  743.780837] 21
[  743.780839] 20
[  743.780841] 19
[  743.780843] 18
[  743.780845] 17
[  743.780847] 16
[  743.780849] 15
[  743.780851] 14
[  743.780852] 13
[  743.780854] 12
[  743.780856] 11
[  743.780858] 10
[  743.780860] 9
[  743.780862] 8
[  743.780864] 7
[  743.780867] 6
[  743.780868] 5
[  743.780870] 4
[  743.780872] 3
[  743.780874] 2
[  743.780876] 1
[  743.780878] Now we shall again copy memory from kernel space to user space 
[  743.780881] System call successfully transferred from kernel space to user space 
[  743.780883] Now I shall print characters from user space!
[  743.780886] 33620481
[  743.780888] 255
[  743.780890] 254
[  743.780892] 253
[  743.780894] 252
[  743.780896] 251
[  743.780898] 250
[  743.780900] 249
[  743.780902] 248
[  743.780904] 247
[  743.780906] 246
[  743.780908] 245
[  743.780910] 244
[  743.780912] 243
[  743.780914] 242
[  743.780916] 241
[  743.780918] 240
[  743.780920] 239
[  743.780921] 238
[  743.780923] 237
[  743.780925] 236
[  743.780927] 235
[  743.780929] 234
[  743.780931] 233
[  743.780933] 232
[  743.780935] 231
[  743.780937] 230
[  743.780939] 229
[  743.780941] 228
[  743.780943] 227
[  743.780945] 226
[  743.780947] 225
[  743.780949] 224
[  743.780951] 223
[  743.780953] 222
[  743.780955] 221
[  743.780958] 220
[  743.782499] 219
[  743.782556] 218
[  743.782642] 217
[  743.782690] 216
[  743.782720] 215
[  743.783443] 214
[  743.783492] 213
[  743.783538] 212
[  743.783580] 211
[  743.783619] 210
[  743.783655] 209
[  743.783688] 208
[  743.783699] 207
[  743.783916] 206
[  743.783918] 205
[  743.783920] 204
[  743.783922] 203
[  743.783924] 202
[  743.783926] 201
[  743.783928] 200
[  743.783930] 199
[  743.783932] 198
[  743.783934] 197
[  743.783936] 196
[  743.783938] 195
[  743.783940] 194
[  743.783942] 193
[  743.783944] 192
[  743.783946] 191
[  743.783948] 190
[  743.783950] 189
[  743.783952] 188
[  743.783954] 187
[  743.783956] 186
[  743.783958] 185
[  743.783960] 184
[  743.783962] 183
[  743.783964] 182
[  743.783966] 181
[  743.783968] 180
[  743.783970] 179
[  743.783972] 178
[  743.783974] 177
[  743.783976] 176
[  743.783978] 175
[  743.783980] 174
[  743.783982] 173
[  743.783984] 172
[  743.783986] 171
[  743.784056] 170
[  743.784059] 169
[  743.784061] 168
[  743.784063] 167
[  743.784065] 166
[  743.784067] 165
[  743.784069] 164
[  743.784071] 163
[  743.784073] 162
[  743.784075] 161
[  743.784077] 160
[  743.784079] 159
[  743.784081] 158
[  743.784083] 157
[  743.784085] 156
[  743.784087] 155
[  743.784089] 154
[  743.784091] 153
[  743.784093] 152
[  743.784095] 151
[  743.784097] 150
[  743.784099] 149
[  743.784101] 148
[  743.784103] 147
[  743.784105] 146
[  743.784107] 145
[  743.784109] 144
[  743.784111] 143
[  743.784113] 142
[  743.784115] 141
[  743.784117] 140
[  743.784119] 139
[  743.784121] 138
[  743.784123] 137
[  743.784125] 136
[  743.784127] 135
[  743.784129] 134
[  743.784131] 133
[  743.784133] 132
[  743.784135] 131
[  743.784137] 130
[  743.784139] 129
[  743.784141] 128
[  743.784143] 127
[  743.784144] 126
[  743.784147] 125
[  743.784148] 124
[  743.784151] 123
[  743.784153] 122
[  743.784155] 121
[  743.784156] 120
[  743.784158] 119
[  743.784160] 118
[  743.784162] 117
[  743.784164] 116
[  743.784166] 115
[  743.784168] 114
[  743.784170] 113
[  743.784172] 112
[  743.784174] 111
[  743.784176] 110
[  743.784178] 109
[  743.784180] 108
[  743.784182] 107
[  743.784184] 106
[  743.784186] 105
[  743.784188] 104
[  743.784190] 103
[  743.784192] 102
[  743.784194] 101
[  743.784196] 100
[  743.784198] 99
[  743.784200] 98
[  743.784202] 97
[  743.784205] 96
[  743.784207] 95
[  743.784209] 94
[  743.784211] 93
[  743.784213] 92
[  743.784215] 91
[  743.784217] 90
[  743.784219] 89
[  743.784221] 88
[  743.784223] 87
[  743.784224] 86
[  743.784226] 85
[  743.784228] 84
[  743.784230] 83
[  743.784232] 82
[  743.784234] 81
[  743.784236] 80
[  743.784238] 79
[  743.784240] 78
[  743.784242] 77
[  743.784244] 76
[  743.784247] 75
[  743.784249] 74
[  743.784250] 73
[  743.784252] 72
[  743.784254] 71
[  743.784256] 70
[  743.784258] 69
[  743.784260] 68
[  743.784262] 67
[  743.784264] 66
[  743.784266] 65
[  743.784268] 64
[  743.784270] 63
[  743.784272] 62
[  743.784274] 61
[  743.784276] 60
[  743.784278] 59
[  743.784280] 58
[  743.784282] 57
[  743.784284] 56
[  743.784286] 55
[  743.784288] 54
[  743.784290] 53
[  743.784292] 52
[  743.784294] 51
[  743.784296] 50
[  743.784298] 49
[  743.784300] 48
[  743.784302] 47
[  743.784304] 46
[  743.784306] 45
[  743.784308] 44
[  743.784310] 43
[  743.784312] 42
[  743.784314] 41
[  743.784316] 40
[  743.784318] 39
[  743.784320] 38
[  743.784322] 37
[  743.784324] 36
[  743.784326] 35
[  743.784328] 34
[  743.784330] 33
[  743.784332] 32
[  743.784334] 31
[  743.784336] 30
[  743.784338] 29
[  743.784340] 28
[  743.784342] 27
[  743.784344] 26
[  743.784346] 25
[  743.784348] 24
[  743.784350] 23
[  743.784352] 22
[  743.784354] 21
[  743.784356] 20
[  743.784358] 19
[  743.784360] 18
[  743.784362] 17
[  743.784364] 16
[  743.784366] 15
[  743.784368] 14
[  743.784370] 13
[  743.784372] 12
[  743.784374] 11
[  743.784376] 10
[  743.784378] 9
[  743.784380] 8
[  743.784382] 7
[  743.784384] 6
[  743.784386] 5
[  743.784388] 4
[  743.784390] 3
[  743.784392] 2
[  743.784394] 1
[  960.560127] Now I shall print characters from user space!
[  960.560134] 1
[  960.560135] 2
[  960.560137] 3
[  960.560137] 4
[  960.560138] 5
[  960.560139] 6
[  960.560140] 7
[  960.560141] 8
[  960.560142] 9
[  960.560143] 10
[  960.560144] 11
[  960.560145] 12
[  960.560146] 13
[  960.560146] 14
[  960.560147] 15
[  960.560148] 16
[  960.560149] 17
[  960.560150] 18
[  960.560151] 19
[  960.560152] 20
[  960.560153] 21
[  960.560154] 22
[  960.560155] 23
[  960.560155] 24
[  960.560156] 25
[  960.560157] 26
[  960.560158] 27
[  960.560159] 28
[  960.560160] 29
[  960.560161] 30
[  960.560162] 31
[  960.560163] 32
[  960.560163] 33
[  960.560164] 34
[  960.560165] 35
[  960.560166] 36
[  960.560167] 37
[  960.560168] 38
[  960.560169] 39
[  960.560170] 40
[  960.560171] 41
[  960.560172] 42
[  960.560173] 43
[  960.560173] 44
[  960.560174] 45
[  960.560175] 46
[  960.560176] 47
[  960.560177] 48
[  960.560178] 49
[  960.560179] 50
[  960.560180] 51
[  960.560181] 52
[  960.560182] 53
[  960.560182] 54
[  960.560183] 55
[  960.560184] 56
[  960.560185] 57
[  960.560186] 58
[  960.560187] 59
[  960.560188] 60
[  960.560189] 61
[  960.560190] 62
[  960.560190] 63
[  960.560191] 64
[  960.560192] 65
[  960.560193] 66
[  960.560194] 67
[  960.560195] 68
[  960.560196] 69
[  960.560197] 70
[  960.560198] 71
[  960.560199] 72
[  960.560200] 73
[  960.560200] 74
[  960.560201] 75
[  960.560202] 76
[  960.560203] 77
[  960.560204] 78
[  960.560205] 79
[  960.560206] 80
[  960.560207] 81
[  960.560208] 82
[  960.560209] 83
[  960.560209] 84
[  960.560210] 85
[  960.560211] 86
[  960.560365] 87
[  960.560366] 88
[  960.560367] 89
[  960.560368] 90
[  960.560368] 91
[  960.560369] 92
[  960.560370] 93
[  960.560371] 94
[  960.560372] 95
[  960.560373] 96
[  960.560374] 97
[  960.560375] 98
[  960.560376] 99
[  960.560377] 100
[  960.560378] 101
[  960.560378] 102
[  960.560379] 103
[  960.560380] 104
[  960.560381] 105
[  960.560382] 106
[  960.560383] 107
[  960.560384] 108
[  960.560385] 109
[  960.560386] 110
[  960.560386] 111
[  960.560387] 112
[  960.560388] 113
[  960.560389] 114
[  960.560390] 115
[  960.560391] 116
[  960.560392] 117
[  960.560393] 118
[  960.560394] 119
[  960.560395] 120
[  960.560396] 121
[  960.560396] 122
[  960.560397] 123
[  960.560398] 124
[  960.560399] 125
[  960.560400] 126
[  960.560401] 127
[  960.560402] 128
[  960.560403] 129
[  960.560404] 130
[  960.560405] 131
[  960.560406] 132
[  960.560406] 133
[  960.560407] 134
[  960.560408] 135
[  960.560409] 136
[  960.560410] 137
[  960.560411] 138
[  960.560412] 139
[  960.560413] 140
[  960.560414] 141
[  960.560414] 142
[  960.560415] 143
[  960.560416] 144
[  960.560417] 145
[  960.560418] 146
[  960.560419] 147
[  960.560420] 148
[  960.560421] 149
[  960.560422] 150
[  960.560423] 151
[  960.560423] 152
[  960.560424] 153
[  960.560425] 154
[  960.560426] 155
[  960.560427] 156
[  960.560428] 157
[  960.560429] 158
[  960.560430] 159
[  960.560431] 160
[  960.560431] 161
[  960.560432] 162
[  960.560433] 163
[  960.560434] 164
[  960.560435] 165
[  960.560436] 166
[  960.560437] 167
[  960.560438] 168
[  960.560439] 169
[  960.560440] 170
[  960.560440] 171
[  960.560441] 172
[  960.560442] 173
[  960.560443] 174
[  960.560444] 175
[  960.560445] 176
[  960.560446] 177
[  960.560447] 178
[  960.560448] 179
[  960.560449] 180
[  960.560449] 181
[  960.560450] 182
[  960.560451] 183
[  960.560452] 184
[  960.560453] 185
[  960.560454] 186
[  960.560455] 187
[  960.560456] 188
[  960.560457] 189
[  960.560457] 190
[  960.560458] 191
[  960.560459] 192
[  960.560460] 193
[  960.560461] 194
[  960.560462] 195
[  960.560463] 196
[  960.560464] 197
[  960.560465] 198
[  960.560466] 199
[  960.560466] 200
[  960.560467] 201
[  960.560468] 202
[  960.560469] 203
[  960.560470] 204
[  960.560471] 205
[  960.560472] 206
[  960.560473] 207
[  960.560474] 208
[  960.560474] 209
[  960.560475] 210
[  960.560476] 211
[  960.560477] 212
[  960.560478] 213
[  960.560479] 214
[  960.560480] 215
[  960.560481] 216
[  960.560482] 217
[  960.560482] 218
[  960.560483] 219
[  960.560484] 220
[  960.560485] 221
[  960.560486] 222
[  960.560487] 223
[  960.560488] 224
[  960.560489] 225
[  960.560490] 226
[  960.560490] 227
[  960.560491] 228
[  960.560492] 229
[  960.560493] 230
[  960.560494] 231
[  960.560495] 232
[  960.560496] 233
[  960.560497] 234
[  960.560498] 235
[  960.560498] 236
[  960.560499] 237
[  960.560500] 238
[  960.560501] 239
[  960.560502] 240
[  960.560503] 241
[  960.560504] 242
[  960.560505] 243
[  960.560506] 244
[  960.560507] 245
[  960.560507] 246
[  960.560508] 247
[  960.560509] 248
[  960.560510] 249
[  960.560511] 250
[  960.560512] 251
[  960.560513] 252
[  960.560514] 253
[  960.560514] 254
[  960.560515] 255
[  960.560516] 33620481
[  960.560518] The copy of user buffer into kernel space has been successful 
[  960.560519] Now I shall print characters from kernel space!
[  960.560520] 1
[  960.560521] 2
[  960.560522] 3
[  960.560522] 4
[  960.560523] 5
[  960.560524] 6
[  960.560525] 7
[  960.560526] 8
[  960.560527] 9
[  960.560528] 10
[  960.560529] 11
[  960.560530] 12
[  960.560531] 13
[  960.560531] 14
[  960.560532] 15
[  960.560533] 16
[  960.560534] 17
[  960.560535] 18
[  960.560536] 19
[  960.560537] 20
[  960.560538] 21
[  960.560539] 22
[  960.560540] 23
[  960.560540] 24
[  960.560541] 25
[  960.560542] 26
[  960.560543] 27
[  960.560544] 28
[  960.560545] 29
[  960.560546] 30
[  960.560547] 31
[  960.560548] 32
[  960.560549] 33
[  960.560549] 34
[  960.560550] 35
[  960.560551] 36
[  960.560552] 37
[  960.560553] 38
[  960.560554] 39
[  960.560555] 40
[  960.560556] 41
[  960.560557] 42
[  960.560558] 43
[  960.560558] 44
[  960.560559] 45
[  960.560560] 46
[  960.560561] 47
[  960.560562] 48
[  960.560563] 49
[  960.560564] 50
[  960.560565] 51
[  960.560566] 52
[  960.560567] 53
[  960.560567] 54
[  960.560568] 55
[  960.560569] 56
[  960.560570] 57
[  960.560571] 58
[  960.560572] 59
[  960.560573] 60
[  960.560574] 61
[  960.560575] 62
[  960.560575] 63
[  960.560576] 64
[  960.560577] 65
[  960.560578] 66
[  960.560579] 67
[  960.560580] 68
[  960.560581] 69
[  960.560582] 70
[  960.560583] 71
[  960.560584] 72
[  960.560584] 73
[  960.560585] 74
[  960.560586] 75
[  960.560587] 76
[  960.560588] 77
[  960.560589] 78
[  960.560590] 79
[  960.560591] 80
[  960.560592] 81
[  960.560593] 82
[  960.560593] 83
[  960.560594] 84
[  960.560595] 85
[  960.560596] 86
[  960.560597] 87
[  960.560598] 88
[  960.560599] 89
[  960.560600] 90
[  960.560601] 91
[  960.560602] 92
[  960.560602] 93
[  960.560603] 94
[  960.560604] 95
[  960.560605] 96
[  960.560606] 97
[  960.560607] 98
[  960.560608] 99
[  960.560609] 100
[  960.560610] 101
[  960.560611] 102
[  960.560611] 103
[  960.560612] 104
[  960.560613] 105
[  960.560614] 106
[  960.560615] 107
[  960.560616] 108
[  960.560617] 109
[  960.560618] 110
[  960.560619] 111
[  960.560620] 112
[  960.560620] 113
[  960.560621] 114
[  960.560622] 115
[  960.560623] 116
[  960.560624] 117
[  960.560625] 118
[  960.560626] 119
[  960.560627] 120
[  960.560628] 121
[  960.560629] 122
[  960.560629] 123
[  960.560630] 124
[  960.560631] 125
[  960.560632] 126
[  960.560633] 127
[  960.560634] 128
[  960.560635] 129
[  960.560636] 130
[  960.560637] 131
[  960.560638] 132
[  960.560638] 133
[  960.560639] 134
[  960.560640] 135
[  960.560641] 136
[  960.560642] 137
[  960.560643] 138
[  960.560644] 139
[  960.560645] 140
[  960.560646] 141
[  960.560646] 142
[  960.560647] 143
[  960.560648] 144
[  960.560649] 145
[  960.560650] 146
[  960.560651] 147
[  960.560652] 148
[  960.560653] 149
[  960.560654] 150
[  960.560655] 151
[  960.560655] 152
[  960.560656] 153
[  960.560657] 154
[  960.560658] 155
[  960.560659] 156
[  960.560660] 157
[  960.560661] 158
[  960.560662] 159
[  960.560663] 160
[  960.560664] 161
[  960.560664] 162
[  960.560665] 163
[  960.560666] 164
[  960.560667] 165
[  960.560668] 166
[  960.560669] 167
[  960.560670] 168
[  960.560671] 169
[  960.560672] 170
[  960.560672] 171
[  960.560673] 172
[  960.560674] 173
[  960.560675] 174
[  960.560676] 175
[  960.560677] 176
[  960.560678] 177
[  960.560679] 178
[  960.560680] 179
[  960.560681] 180
[  960.560681] 181
[  960.560682] 182
[  960.560683] 183
[  960.560684] 184
[  960.560685] 185
[  960.560686] 186
[  960.560687] 187
[  960.560688] 188
[  960.560689] 189
[  960.560690] 190
[  960.560690] 191
[  960.560691] 192
[  960.560692] 193
[  960.560693] 194
[  960.560694] 195
[  960.560695] 196
[  960.560696] 197
[  960.560697] 198
[  960.560698] 199
[  960.560698] 200
[  960.560699] 201
[  960.560700] 202
[  960.560701] 203
[  960.560702] 204
[  960.560703] 205
[  960.560704] 206
[  960.560705] 207
[  960.560706] 208
[  960.560707] 209
[  960.560707] 210
[  960.560708] 211
[  960.560709] 212
[  960.560710] 213
[  960.560711] 214
[  960.560712] 215
[  960.560713] 216
[  960.560714] 217
[  960.560715] 218
[  960.560716] 219
[  960.560716] 220
[  960.560717] 221
[  960.560718] 222
[  960.560719] 223
[  960.560720] 224
[  960.560721] 225
[  960.560722] 226
[  960.560723] 227
[  960.560724] 228
[  960.560725] 229
[  960.560725] 230
[  960.560726] 231
[  960.560727] 232
[  960.560728] 233
[  960.560729] 234
[  960.560730] 235
[  960.560731] 236
[  960.560732] 237
[  960.560733] 238
[  960.560733] 239
[  960.560734] 240
[  960.560735] 241
[  960.560736] 242
[  960.560737] 243
[  960.560738] 244
[  960.560739] 245
[  960.560740] 246
[  960.560741] 247
[  960.560742] 248
[  960.560742] 249
[  960.560743] 250
[  960.560744] 251
[  960.560745] 252
[  960.560746] 253
[  960.560747] 254
[  960.560748] 255
[  960.560749] 33620481
[  960.560750] System call sorting has started 
[  960.560807] System call for sorting ended 
[  960.560808] Now I shall print characters from user space after sorting!
[  960.560809] 33620481
[  960.560810] 255
[  960.560811] 254
[  960.560812] 253
[  960.560813] 252
[  960.560814] 251
[  960.560815] 250
[  960.560815] 249
[  960.560816] 248
[  960.560817] 247
[  960.560818] 246
[  960.560819] 245
[  960.560820] 244
[  960.560821] 243
[  960.560822] 242
[  960.560823] 241
[  960.560823] 240
[  960.560824] 239
[  960.560825] 238
[  960.560826] 237
[  960.560827] 236
[  960.560828] 235
[  960.560829] 234
[  960.560830] 233
[  960.560831] 232
[  960.560832] 231
[  960.560832] 230
[  960.560833] 229
[  960.560834] 228
[  960.560835] 227
[  960.560836] 226
[  960.560837] 225
[  960.560838] 224
[  960.560839] 223
[  960.560840] 222
[  960.560840] 221
[  960.560841] 220
[  960.560842] 219
[  960.560843] 218
[  960.560844] 217
[  960.560845] 216
[  960.560846] 215
[  960.560847] 214
[  960.560848] 213
[  960.560848] 212
[  960.561283] 211
[  960.561312] 210
[  960.561338] 209
[  960.561361] 208
[  960.561382] 207
[  960.561401] 206
[  960.561418] 205
[  960.561434] 204
[  960.561448] 203
[  960.561460] 202
[  960.561472] 201
[  960.561482] 200
[  960.561491] 199
[  960.561500] 198
[  960.561507] 197
[  960.561514] 196
[  960.561520] 195
[  960.561526] 194
[  960.561531] 193
[  960.561535] 192
[  960.561539] 191
[  960.561543] 190
[  960.561546] 189
[  960.561549] 188
[  960.561552] 187
[  960.561555] 186
[  960.561557] 185
[  960.561559] 184
[  960.561561] 183
[  960.561562] 182
[  960.561564] 181
[  960.561565] 180
[  960.561566] 179
[  960.561567] 178
[  960.561568] 177
[  960.561569] 176
[  960.561570] 175
[  960.561571] 174
[  960.561571] 173
[  960.561572] 172
[  960.561572] 171
[  960.561573] 170
[  960.561573] 169
[  960.561574] 168
[  960.561574] 167
[  960.561574] 166
[  960.561575] 165
[  960.561575] 164
[  960.561575] 163
[  960.561575] 162
[  960.561576] 161
[  960.561576] 160
[  960.561576] 159
[  960.561576] 158
[  960.561576] 157
[  960.561576] 156
[  960.561576] 155
[  960.561576] 154
[  960.561577] 153
[  960.561577] 152
[  960.561577] 151
[  960.561577] 150
[  960.561577] 149
[  960.561577] 148
[  960.561577] 147
[  960.561577] 146
[  960.561577] 145
[  960.561577] 144
[  960.561577] 143
[  960.561577] 142
[  960.561577] 141
[  960.561577] 140
[  960.561577] 139
[  960.561577] 138
[  960.561577] 137
[  960.561577] 136
[  960.561577] 135
[  960.561577] 134
[  960.561577] 133
[  960.561577] 132
[  960.561577] 131
[  960.561577] 130
[  960.561577] 129
[  960.561577] 128
[  960.561577] 127
[  960.561577] 126
[  960.561577] 125
[  960.561577] 124
[  960.561577] 123
[  960.561577] 122
[  960.561577] 121
[  960.561577] 120
[  960.561577] 119
[  960.561577] 118
[  960.561577] 117
[  960.561577] 116
[  960.561577] 115
[  960.561577] 114
[  960.561577] 113
[  960.561577] 112
[  960.561577] 111
[  960.561577] 110
[  960.561577] 109
[  960.561577] 108
[  960.561577] 107
[  960.561577] 106
[  960.561577] 105
[  960.561577] 104
[  960.561577] 103
[  960.561577] 102
[  960.561577] 101
[  960.561577] 100
[  960.561577] 99
[  960.561577] 98
[  960.561577] 97
[  960.561578] 96
[  960.561578] 95
[  960.561578] 94
[  960.561578] 93
[  960.561578] 92
[  960.561578] 91
[  960.561578] 90
[  960.561578] 89
[  960.561578] 88
[  960.561578] 87
[  960.561578] 86
[  960.561578] 85
[  960.561578] 84
[  960.561578] 83
[  960.561578] 82
[  960.561578] 81
[  960.561578] 80
[  960.561578] 79
[  960.561578] 78
[  960.561578] 77
[  960.561578] 76
[  960.561578] 75
[  960.561578] 74
[  960.561578] 73
[  960.561578] 72
[  960.561578] 71
[  960.561578] 70
[  960.561578] 69
[  960.561578] 68
[  960.561578] 67
[  960.561578] 66
[  960.561578] 65
[  960.561578] 64
[  960.561578] 63
[  960.561578] 62
[  960.561578] 61
[  960.561578] 60
[  960.561578] 59
[  960.561578] 58
[  960.561578] 57
[  960.561578] 56
[  960.561578] 55
[  960.561578] 54
[  960.561578] 53
[  960.561578] 52
[  960.561578] 51
[  960.561578] 50
[  960.561578] 49
[  960.561578] 48
[  960.561578] 47
[  960.561578] 46
[  960.561578] 45
[  960.561578] 44
[  960.561578] 43
[  960.561578] 42
[  960.561578] 41
[  960.561578] 40
[  960.561578] 39
[  960.561578] 38
[  960.561578] 37
[  960.561578] 36
[  960.561578] 35
[  960.561578] 34
[  960.561578] 33
[  960.561578] 32
[  960.561578] 31
[  960.561578] 30
[  960.561578] 29
[  960.561578] 28
[  960.561578] 27
[  960.561578] 26
[  960.561578] 25
[  960.561578] 24
[  960.561578] 23
[  960.561578] 22
[  960.561578] 21
[  960.561578] 20
[  960.561578] 19
[  960.561578] 18
[  960.561578] 17
[  960.561578] 16
[  960.561578] 15
[  960.561578] 14
[  960.561578] 13
[  960.561578] 12
[  960.561578] 11
[  960.561578] 10
[  960.561578] 9
[  960.561578] 8
[  960.561578] 7
[  960.561578] 6
[  960.561578] 5
[  960.561578] 4
[  960.561578] 3
[  960.561578] 2
[  960.561578] 1
[  960.561578] Now we shall again copy memory from kernel space to user space 
[  960.561578] System call successfully transferred from kernel space to user space 
[  960.561578] Now I shall print characters from user space!
[  960.561578] 33620481
[  960.561578] 255
[  960.561578] 254
[  960.561578] 253
[  960.561578] 252
[  960.561578] 251
[  960.561578] 250
[  960.561578] 249
[  960.561578] 248
[  960.561578] 247
[  960.561578] 246
[  960.561578] 245
[  960.561578] 244
[  960.561578] 243
[  960.561578] 242
[  960.561578] 241
[  960.561578] 240
[  960.561578] 239
[  960.561578] 238
[  960.561578] 237
[  960.561578] 236
[  960.561578] 235
[  960.561578] 234
[  960.561578] 233
[  960.561578] 232
[  960.561578] 231
[  960.561578] 230
[  960.561578] 229
[  960.561578] 228
[  960.561578] 227
[  960.561578] 226
[  960.561578] 225
[  960.561578] 224
[  960.561578] 223
[  960.561578] 222
[  960.561578] 221
[  960.561578] 220
[  960.561578] 219
[  960.561578] 218
[  960.561578] 217
[  960.561578] 216
[  960.561578] 215
[  960.561578] 214
[  960.561578] 213
[  960.561578] 212
[  960.561578] 211
[  960.561578] 210
[  960.561578] 209
[  960.561593] 208
[  960.561596] 207
[  960.561597] 206
[  960.561598] 205
[  960.561599] 204
[  960.561600] 203
[  960.561601] 202
[  960.561602] 201
[  960.561602] 200
[  960.561603] 199
[  960.561604] 198
[  960.561605] 197
[  960.561606] 196
[  960.561607] 195
[  960.561608] 194
[  960.561608] 193
[  960.561609] 192
[  960.561610] 191
[  960.561611] 190
[  960.561612] 189
[  960.561613] 188
[  960.561614] 187
[  960.561615] 186
[  960.561615] 185
[  960.561616] 184
[  960.561617] 183
[  960.561618] 182
[  960.561619] 181
[  960.561620] 180
[  960.561621] 179
[  960.561622] 178
[  960.561622] 177
[  960.561623] 176
[  960.561624] 175
[  960.561625] 174
[  960.561626] 173
[  960.561627] 172
[  960.561628] 171
[  960.561629] 170
[  960.561629] 169
[  960.561630] 168
[  960.561631] 167
[  960.561632] 166
[  960.561633] 165
[  960.561634] 164
[  960.561635] 163
[  960.561636] 162
[  960.561636] 161
[  960.561637] 160
[  960.561638] 159
[  960.561639] 158
[  960.561640] 157
[  960.561641] 156
[  960.561642] 155
[  960.561643] 154
[  960.561643] 153
[  960.561644] 152
[  960.561645] 151
[  960.561646] 150
[  960.561647] 149
[  960.561648] 148
[  960.561649] 147
[  960.561650] 146
[  960.561650] 145
[  960.561651] 144
[  960.561652] 143
[  960.561653] 142
[  960.561654] 141
[  960.561655] 140
[  960.561656] 139
[  960.561656] 138
[  960.561657] 137
[  960.561658] 136
[  960.561659] 135
[  960.561660] 134
[  960.561661] 133
[  960.561662] 132
[  960.561663] 131
[  960.561663] 130
[  960.561664] 129
[  960.561665] 128
[  960.561666] 127
[  960.561667] 126
[  960.561668] 125
[  960.561669] 124
[  960.561670] 123
[  960.561670] 122
[  960.561671] 121
[  960.561672] 120
[  960.561673] 119
[  960.561674] 118
[  960.561676] 117
[  960.561677] 116
[  960.561678] 115
[  960.561679] 114
[  960.561680] 113
[  960.561682] 112
[  960.561683] 111
[  960.561684] 110
[  960.561685] 109
[  960.561686] 108
[  960.561688] 107
[  960.561689] 106
[  960.561691] 105
[  960.561692] 104
[  960.561693] 103
[  960.561694] 102
[  960.561695] 101
[  960.561697] 100
[  960.561698] 99
[  960.561699] 98
[  960.561701] 97
[  960.561702] 96
[  960.561703] 95
[  960.561704] 94
[  960.561706] 93
[  960.561707] 92
[  960.561708] 91
[  960.561709] 90
[  960.561710] 89
[  960.561732] 88
[  960.561733] 87
[  960.561734] 86
[  960.561735] 85
[  960.561737] 84
[  960.561738] 83
[  960.561739] 82
[  960.561740] 81
[  960.561741] 80
[  960.561742] 79
[  960.561744] 78
[  960.561745] 77
[  960.561746] 76
[  960.561747] 75
[  960.561748] 74
[  960.561749] 73
[  960.561751] 72
[  960.561752] 71
[  960.561752] 70
[  960.561753] 69
[  960.561754] 68
[  960.561755] 67
[  960.561756] 66
[  960.561757] 65
[  960.561758] 64
[  960.561758] 63
[  960.561759] 62
[  960.561760] 61
[  960.561761] 60
[  960.561762] 59
[  960.561763] 58
[  960.561764] 57
[  960.561764] 56
[  960.561765] 55
[  960.561766] 54
[  960.561767] 53
[  960.561768] 52
[  960.561769] 51
[  960.561770] 50
[  960.561770] 49
[  960.561771] 48
[  960.561772] 47
[  960.561773] 46
[  960.561774] 45
[  960.561775] 44
[  960.561776] 43
[  960.561776] 42
[  960.561777] 41
[  960.561778] 40
[  960.561779] 39
[  960.561780] 38
[  960.561781] 37
[  960.561782] 36
[  960.561782] 35
[  960.561783] 34
[  960.561784] 33
[  960.561785] 32
[  960.561786] 31
[  960.561787] 30
[  960.561788] 29
[  960.561788] 28
[  960.561789] 27
[  960.561790] 26
[  960.561791] 25
[  960.561792] 24
[  960.561793] 23
[  960.561794] 22
[  960.561794] 21
[  960.561795] 20
[  960.561796] 19
[  960.561797] 18
[  960.561798] 17
[  960.561799] 16
[  960.561800] 15
[  960.561800] 14
[  960.561801] 13
[  960.561802] 12
[  960.561803] 11
[  960.561804] 10
[  960.561805] 9
[  960.561806] 8
[  960.561807] 7
[  960.561807] 6
[  960.561808] 5
[  960.561809] 4
[  960.561810] 3
[  960.561811] 2
[  960.561812] 1
[ 1319.547462] Now I shall print characters from user space!
[ 1319.547469] 1
[ 1319.547470] 2
[ 1319.547471] 3
[ 1319.547472] 4
[ 1319.547473] 5
[ 1319.547474] 6
[ 1319.547475] 7
[ 1319.547476] 8
[ 1319.547477] 9
[ 1319.547478] 10
[ 1319.547478] 11
[ 1319.547479] 12
[ 1319.547480] 13
[ 1319.547481] 14
[ 1319.547482] 15
[ 1319.547483] 16
[ 1319.547484] 17
[ 1319.547485] 18
[ 1319.547486] 19
[ 1319.547486] 20
[ 1319.547487] 21
[ 1319.547488] 22
[ 1319.547489] 23
[ 1319.547490] 24
[ 1319.547491] 25
[ 1319.547492] 26
[ 1319.547493] The copy of user buffer into kernel space has been successful 
[ 1319.547494] Now I shall print characters from kernel space!
[ 1319.547495] 1
[ 1319.547496] 2
[ 1319.547497] 3
[ 1319.547498] 4
[ 1319.547498] 5
[ 1319.547499] 6
[ 1319.547500] 7
[ 1319.547501] 8
[ 1319.547502] 9
[ 1319.547503] 10
[ 1319.547504] 11
[ 1319.547505] 12
[ 1319.547506] 13
[ 1319.547506] 14
[ 1319.547507] 15
[ 1319.547508] 16
[ 1319.547509] 17
[ 1319.547510] 18
[ 1319.547511] 19
[ 1319.547512] 20
[ 1319.547513] 21
[ 1319.547514] 22
[ 1319.547514] 23
[ 1319.547515] 24
[ 1319.547516] 25
[ 1319.547517] 26
[ 1319.547518] System call sorting has started 
[ 1319.547520] System call for sorting ended 
[ 1319.547521] Now I shall print characters from user space after sorting!
[ 1319.547522] 26
[ 1319.547523] 25
[ 1319.547523] 24
[ 1319.547524] 23
[ 1319.547525] 22
[ 1319.547526] 21
[ 1319.547527] 20
[ 1319.547528] 19
[ 1319.547529] 18
[ 1319.547530] 17
[ 1319.547531] 16
[ 1319.547531] 15
[ 1319.547532] 14
[ 1319.547533] 13
[ 1319.547534] 12
[ 1319.547535] 11
[ 1319.547536] 10
[ 1319.547537] 9
[ 1319.547538] 8
[ 1319.547539] 7
[ 1319.547539] 6
[ 1319.547540] 5
[ 1319.547541] 4
[ 1319.547542] 3
[ 1319.547543] 2
[ 1319.547544] 1
[ 1319.547545] Now we shall again copy memory from kernel space to user space 
[ 1319.547546] System call successfully transferred from kernel space to user space 
[ 1319.547547] Now I shall print characters from user space!
[ 1319.547548] 26
[ 1319.547548] 25
[ 1319.547549] 24
[ 1319.547550] 23
[ 1319.547551] 22
[ 1319.547552] 21
[ 1319.547553] 20
[ 1319.547554] 19
[ 1319.547555] 18
[ 1319.547556] 17
[ 1319.547556] 16
[ 1319.547557] 15
[ 1319.547558] 14
[ 1319.547559] 13
[ 1319.547560] 12
[ 1319.547561] 11
[ 1319.547562] 10
[ 1319.547563] 9
[ 1319.547564] 8
[ 1319.547564] 7
[ 1319.547565] 6
[ 1319.547566] 5
[ 1319.547567] 4
[ 1319.547568] 3
[ 1319.547569] 2
[ 1319.547570] 1
[ 1402.547428] Now I shall print characters from user space!
[ 1402.547436] 1
[ 1402.547437] 2
[ 1402.547438] 3
[ 1402.547439] 4
[ 1402.547440] 5
[ 1402.547440] 6
[ 1402.547441] 7
[ 1402.547442] 8
[ 1402.547443] 9
[ 1402.547444] 10
[ 1402.547445] 11
[ 1402.547446] 12
[ 1402.547447] 13
[ 1402.547448] 14
[ 1402.547448] 15
[ 1402.547449] 16
[ 1402.547450] 17
[ 1402.547451] 18
[ 1402.547452] 19
[ 1402.547453] 20
[ 1402.547454] 21
[ 1402.547455] 22
[ 1402.547455] 23
[ 1402.547456] 24
[ 1402.547457] 25
[ 1402.547458] 26
[ 1402.547459] 27
[ 1402.547460] 28
[ 1402.547461] 29
[ 1402.547462] 30
[ 1402.547462] 31
[ 1402.547463] 32
[ 1402.547464] 33
[ 1402.547465] 34
[ 1402.547466] 35
[ 1402.547467] 36
[ 1402.547468] 37
[ 1402.547469] 38
[ 1402.547469] 39
[ 1402.547470] 40
[ 1402.547471] 41
[ 1402.547472] 42
[ 1402.547473] 43
[ 1402.547474] 44
[ 1402.547475] 45
[ 1402.547476] 46
[ 1402.547476] 47
[ 1402.547477] 48
[ 1402.547478] 49
[ 1402.547479] 50
[ 1402.547480] 51
[ 1402.547481] 52
[ 1402.547482] 53
[ 1402.547483] 54
[ 1402.547483] 55
[ 1402.547484] 56
[ 1402.547485] 57
[ 1402.547486] 58
[ 1402.547487] 59
[ 1402.547488] 60
[ 1402.547671] 61
[ 1402.547672] 62
[ 1402.547673] 63
[ 1402.547674] 64
[ 1402.547675] 65
[ 1402.547675] 66
[ 1402.547676] 67
[ 1402.547677] 68
[ 1402.547678] 69
[ 1402.547679] 70
[ 1402.547680] 71
[ 1402.547681] 72
[ 1402.547681] 73
[ 1402.547682] 74
[ 1402.547683] 75
[ 1402.547684] 76
[ 1402.547685] 77
[ 1402.547686] 78
[ 1402.547687] 79
[ 1402.547688] 80
[ 1402.547688] 81
[ 1402.547689] 82
[ 1402.547690] 83
[ 1402.547691] 84
[ 1402.547692] 85
[ 1402.547693] 86
[ 1402.547694] 87
[ 1402.547695] 88
[ 1402.547695] 89
[ 1402.547696] 90
[ 1402.547697] 91
[ 1402.547698] 92
[ 1402.547699] 93
[ 1402.547700] 94
[ 1402.547701] 95
[ 1402.547702] 96
[ 1402.547703] 97
[ 1402.547703] 98
[ 1402.547704] 99
[ 1402.547705] 100
[ 1402.547706] 101
[ 1402.547707] 102
[ 1402.547708] 103
[ 1402.547709] 104
[ 1402.547710] 105
[ 1402.547710] 106
[ 1402.547711] 107
[ 1402.547712] 108
[ 1402.547713] 109
[ 1402.547714] 110
[ 1402.547715] 111
[ 1402.547716] 112
[ 1402.547717] 113
[ 1402.547717] 114
[ 1402.547718] 115
[ 1402.547719] 116
[ 1402.547720] 117
[ 1402.547721] 118
[ 1402.547722] 119
[ 1402.547723] 120
[ 1402.547724] 121
[ 1402.547724] 122
[ 1402.547725] 123
[ 1402.547726] 124
[ 1402.547727] 125
[ 1402.547728] 126
[ 1402.547729] 127
[ 1402.547730] 128
[ 1402.547730] 129
[ 1402.547731] 130
[ 1402.547732] 131
[ 1402.547733] 132
[ 1402.547734] 133
[ 1402.547735] 134
[ 1402.547736] 135
[ 1402.547737] 136
[ 1402.547737] 137
[ 1402.547738] 138
[ 1402.547739] 139
[ 1402.547740] 140
[ 1402.547741] 141
[ 1402.547742] 142
[ 1402.547743] 143
[ 1402.547744] 144
[ 1402.547744] 145
[ 1402.547745] 146
[ 1402.547746] 147
[ 1402.547747] 148
[ 1402.547748] 149
[ 1402.547749] 150
[ 1402.547750] 151
[ 1402.547750] 152
[ 1402.547751] 153
[ 1402.547752] 154
[ 1402.547753] 155
[ 1402.547754] 156
[ 1402.547755] 157
[ 1402.547756] 158
[ 1402.547757] 159
[ 1402.547757] 160
[ 1402.547758] 161
[ 1402.547759] 162
[ 1402.547760] 163
[ 1402.547761] 164
[ 1402.547762] 165
[ 1402.547763] 166
[ 1402.547764] 167
[ 1402.547764] 168
[ 1402.547765] 169
[ 1402.547766] 170
[ 1402.547767] 171
[ 1402.547768] 172
[ 1402.547769] 173
[ 1402.547770] 174
[ 1402.547771] 175
[ 1402.547771] 176
[ 1402.547772] 177
[ 1402.547773] 178
[ 1402.547774] 179
[ 1402.547775] 180
[ 1402.547776] 181
[ 1402.547777] 182
[ 1402.547777] 183
[ 1402.547778] 184
[ 1402.547779] 185
[ 1402.547780] 186
[ 1402.547781] 187
[ 1402.547782] 188
[ 1402.547783] 189
[ 1402.547784] 190
[ 1402.547784] 191
[ 1402.547785] 192
[ 1402.547786] 193
[ 1402.547787] 194
[ 1402.547788] 195
[ 1402.547789] 196
[ 1402.547790] 197
[ 1402.547791] 198
[ 1402.547791] 199
[ 1402.547792] 200
[ 1402.547793] 201
[ 1402.547794] 202
[ 1402.547795] 203
[ 1402.547796] 204
[ 1402.547797] 205
[ 1402.547797] 206
[ 1402.547798] 207
[ 1402.547799] 208
[ 1402.547800] 209
[ 1402.547801] 210
[ 1402.547802] 211
[ 1402.547803] 212
[ 1402.547804] 213
[ 1402.547804] 214
[ 1402.547805] 215
[ 1402.547806] 216
[ 1402.547807] 217
[ 1402.547808] 218
[ 1402.547809] 219
[ 1402.547810] 220
[ 1402.547811] 221
[ 1402.547811] 222
[ 1402.547812] 223
[ 1402.547813] 224
[ 1402.547814] 225
[ 1402.547815] 226
[ 1402.547816] 227
[ 1402.547817] 228
[ 1402.547817] 229
[ 1402.547818] 230
[ 1402.547819] 231
[ 1402.547820] 232
[ 1402.547821] 233
[ 1402.547822] 234
[ 1402.547823] 235
[ 1402.547824] 236
[ 1402.547824] 237
[ 1402.547825] 238
[ 1402.547826] 239
[ 1402.547827] 240
[ 1402.547828] 241
[ 1402.547829] 242
[ 1402.547830] 243
[ 1402.547831] 244
[ 1402.547831] 245
[ 1402.547832] 246
[ 1402.547833] 247
[ 1402.547834] 248
[ 1402.547835] 249
[ 1402.547836] 250
[ 1402.547837] 251
[ 1402.547837] 252
[ 1402.547838] 253
[ 1402.547839] 254
[ 1402.547840] 255
[ 1402.547841] 33620481
[ 1402.547842] The copy of user buffer into kernel space has been successful 
[ 1402.547843] Now I shall print characters from kernel space!
[ 1402.547844] 1
[ 1402.547845] 2
[ 1402.547846] 3
[ 1402.547847] 4
[ 1402.547848] 5
[ 1402.547849] 6
[ 1402.547849] 7
[ 1402.547850] 8
[ 1402.547851] 9
[ 1402.547852] 10
[ 1402.547853] 11
[ 1402.547854] 12
[ 1402.547855] 13
[ 1402.547856] 14
[ 1402.547856] 15
[ 1402.547857] 16
[ 1402.547858] 17
[ 1402.547859] 18
[ 1402.547860] 19
[ 1402.547861] 20
[ 1402.547862] 21
[ 1402.547863] 22
[ 1402.547863] 23
[ 1402.547864] 24
[ 1402.547865] 25
[ 1402.547866] 26
[ 1402.547867] 27
[ 1402.547868] 28
[ 1402.547869] 29
[ 1402.547870] 30
[ 1402.547870] 31
[ 1402.547871] 32
[ 1402.547872] 33
[ 1402.547873] 34
[ 1402.547874] 35
[ 1402.547875] 36
[ 1402.547876] 37
[ 1402.547876] 38
[ 1402.547877] 39
[ 1402.547878] 40
[ 1402.547879] 41
[ 1402.547880] 42
[ 1402.547881] 43
[ 1402.547882] 44
[ 1402.547883] 45
[ 1402.547883] 46
[ 1402.547884] 47
[ 1402.547885] 48
[ 1402.547886] 49
[ 1402.547887] 50
[ 1402.547888] 51
[ 1402.547889] 52
[ 1402.547889] 53
[ 1402.547890] 54
[ 1402.547891] 55
[ 1402.547892] 56
[ 1402.547893] 57
[ 1402.547894] 58
[ 1402.547895] 59
[ 1402.547896] 60
[ 1402.547896] 61
[ 1402.547897] 62
[ 1402.547898] 63
[ 1402.547899] 64
[ 1402.547900] 65
[ 1402.547901] 66
[ 1402.547902] 67
[ 1402.547902] 68
[ 1402.547903] 69
[ 1402.547904] 70
[ 1402.547905] 71
[ 1402.547906] 72
[ 1402.547907] 73
[ 1402.547908] 74
[ 1402.547909] 75
[ 1402.547909] 76
[ 1402.547910] 77
[ 1402.547911] 78
[ 1402.547912] 79
[ 1402.547913] 80
[ 1402.547914] 81
[ 1402.547915] 82
[ 1402.547915] 83
[ 1402.547916] 84
[ 1402.547917] 85
[ 1402.547918] 86
[ 1402.547919] 87
[ 1402.547920] 88
[ 1402.547921] 89
[ 1402.547922] 90
[ 1402.547922] 91
[ 1402.547923] 92
[ 1402.547924] 93
[ 1402.547925] 94
[ 1402.547926] 95
[ 1402.547927] 96
[ 1402.547928] 97
[ 1402.547928] 98
[ 1402.547929] 99
[ 1402.547930] 100
[ 1402.547931] 101
[ 1402.547932] 102
[ 1402.547933] 103
[ 1402.547934] 104
[ 1402.547935] 105
[ 1402.547936] 106
[ 1402.547936] 107
[ 1402.547937] 108
[ 1402.547938] 109
[ 1402.547939] 110
[ 1402.547940] 111
[ 1402.547941] 112
[ 1402.547942] 113
[ 1402.547942] 114
[ 1402.547943] 115
[ 1402.547944] 116
[ 1402.547945] 117
[ 1402.547946] 118
[ 1402.547947] 119
[ 1402.547948] 120
[ 1402.547949] 121
[ 1402.547949] 122
[ 1402.547950] 123
[ 1402.547951] 124
[ 1402.547952] 125
[ 1402.547953] 126
[ 1402.547954] 127
[ 1402.547955] 128
[ 1402.547955] 129
[ 1402.547956] 130
[ 1402.547957] 131
[ 1402.547958] 132
[ 1402.547959] 133
[ 1402.547960] 134
[ 1402.547961] 135
[ 1402.547962] 136
[ 1402.547962] 137
[ 1402.547963] 138
[ 1402.547964] 139
[ 1402.547965] 140
[ 1402.547966] 141
[ 1402.547967] 142
[ 1402.547968] 143
[ 1402.547968] 144
[ 1402.547969] 145
[ 1402.547970] 146
[ 1402.547971] 147
[ 1402.547972] 148
[ 1402.547973] 149
[ 1402.547974] 150
[ 1402.547975] 151
[ 1402.547975] 152
[ 1402.547976] 153
[ 1402.547977] 154
[ 1402.547978] 155
[ 1402.547979] 156
[ 1402.547980] 157
[ 1402.547981] 158
[ 1402.547981] 159
[ 1402.547982] 160
[ 1402.547983] 161
[ 1402.547984] 162
[ 1402.547985] 163
[ 1402.547986] 164
[ 1402.547987] 165
[ 1402.547987] 166
[ 1402.547988] 167
[ 1402.547989] 168
[ 1402.547990] 169
[ 1402.547991] 170
[ 1402.547992] 171
[ 1402.547993] 172
[ 1402.547994] 173
[ 1402.547994] 174
[ 1402.547995] 175
[ 1402.547996] 176
[ 1402.547997] 177
[ 1402.547998] 178
[ 1402.547999] 179
[ 1402.548000] 180
[ 1402.548001] 181
[ 1402.548001] 182
[ 1402.548002] 183
[ 1402.548003] 184
[ 1402.548004] 185
[ 1402.548005] 186
[ 1402.548006] 187
[ 1402.548007] 188
[ 1402.548007] 189
[ 1402.548008] 190
[ 1402.548009] 191
[ 1402.548010] 192
[ 1402.548011] 193
[ 1402.548012] 194
[ 1402.548013] 195
[ 1402.548013] 196
[ 1402.548014] 197
[ 1402.548015] 198
[ 1402.548016] 199
[ 1402.548017] 200
[ 1402.548018] 201
[ 1402.548019] 202
[ 1402.548020] 203
[ 1402.548020] 204
[ 1402.548021] 205
[ 1402.548022] 206
[ 1402.548023] 207
[ 1402.548024] 208
[ 1402.548025] 209
[ 1402.548026] 210
[ 1402.548026] 211
[ 1402.548027] 212
[ 1402.548028] 213
[ 1402.548029] 214
[ 1402.548030] 215
[ 1402.548031] 216
[ 1402.548032] 217
[ 1402.548033] 218
[ 1402.548033] 219
[ 1402.548034] 220
[ 1402.548035] 221
[ 1402.548036] 222
[ 1402.548037] 223
[ 1402.548038] 224
[ 1402.548039] 225
[ 1402.548039] 226
[ 1402.548040] 227
[ 1402.548041] 228
[ 1402.548042] 229
[ 1402.548043] 230
[ 1402.548044] 231
[ 1402.548045] 232
[ 1402.548046] 233
[ 1402.548046] 234
[ 1402.548047] 235
[ 1402.548048] 236
[ 1402.548049] 237
[ 1402.548050] 238
[ 1402.548051] 239
[ 1402.548052] 240
[ 1402.548052] 241
[ 1402.548053] 242
[ 1402.548054] 243
[ 1402.548055] 244
[ 1402.548056] 245
[ 1402.548057] 246
[ 1402.548058] 247
[ 1402.548059] 248
[ 1402.548059] 249
[ 1402.548060] 250
